Archive member included because of file (symbol)

c:/altera/13.0sp1/nios2eds/bin/gnu/h-i686-mingw32/bin/../lib/gcc/nios2-elf/4.1.2/../../../../nios2-elf/lib/mno-hw-mul\libc.a(lib_a-puts.o)
                              obj/default/hello_ucosii.o (puts)
c:/altera/13.0sp1/nios2eds/bin/gnu/h-i686-mingw32/bin/../lib/gcc/nios2-elf/4.1.2/../../../../nios2-elf/lib/mno-hw-mul\libc.a(lib_a-strlen.o)
                              c:/altera/13.0sp1/nios2eds/bin/gnu/h-i686-mingw32/bin/../lib/gcc/nios2-elf/4.1.2/../../../../nios2-elf/lib/mno-hw-mul\libc.a(lib_a-puts.o) (strlen)
c:/altera/13.0sp1/nios2eds/bin/gnu/h-i686-mingw32/bin/../lib/gcc/nios2-elf/4.1.2/../../../../nios2-elf/lib/mno-hw-mul\libc.a(lib_a-fvwrite.o)
                              c:/altera/13.0sp1/nios2eds/bin/gnu/h-i686-mingw32/bin/../lib/gcc/nios2-elf/4.1.2/../../../../nios2-elf/lib/mno-hw-mul\libc.a(lib_a-puts.o) (__sfvwrite_r)
c:/altera/13.0sp1/nios2eds/bin/gnu/h-i686-mingw32/bin/../lib/gcc/nios2-elf/4.1.2/../../../../nios2-elf/lib/mno-hw-mul\libc.a(lib_a-impure.o)
                              c:/altera/13.0sp1/nios2eds/bin/gnu/h-i686-mingw32/bin/../lib/gcc/nios2-elf/4.1.2/../../../../nios2-elf/lib/mno-hw-mul\libc.a(lib_a-puts.o) (_impure_ptr)
c:/altera/13.0sp1/nios2eds/bin/gnu/h-i686-mingw32/bin/../lib/gcc/nios2-elf/4.1.2/../../../../nios2-elf/lib/mno-hw-mul\libc.a(lib_a-mallocr.o)
                              c:/altera/13.0sp1/nios2eds/bin/gnu/h-i686-mingw32/bin/../lib/gcc/nios2-elf/4.1.2/../../../../nios2-elf/lib/mno-hw-mul\libc.a(lib_a-fvwrite.o) (_malloc_r)
c:/altera/13.0sp1/nios2eds/bin/gnu/h-i686-mingw32/bin/../lib/gcc/nios2-elf/4.1.2/../../../../nios2-elf/lib/mno-hw-mul\libc.a(lib_a-memchr.o)
                              c:/altera/13.0sp1/nios2eds/bin/gnu/h-i686-mingw32/bin/../lib/gcc/nios2-elf/4.1.2/../../../../nios2-elf/lib/mno-hw-mul\libc.a(lib_a-fvwrite.o) (memchr)
c:/altera/13.0sp1/nios2eds/bin/gnu/h-i686-mingw32/bin/../lib/gcc/nios2-elf/4.1.2/../../../../nios2-elf/lib/mno-hw-mul\libc.a(lib_a-memcpy.o)
                              c:/altera/13.0sp1/nios2eds/bin/gnu/h-i686-mingw32/bin/../lib/gcc/nios2-elf/4.1.2/../../../../nios2-elf/lib/mno-hw-mul\libc.a(lib_a-fvwrite.o) (memcpy)
c:/altera/13.0sp1/nios2eds/bin/gnu/h-i686-mingw32/bin/../lib/gcc/nios2-elf/4.1.2/../../../../nios2-elf/lib/mno-hw-mul\libc.a(lib_a-memmove.o)
                              c:/altera/13.0sp1/nios2eds/bin/gnu/h-i686-mingw32/bin/../lib/gcc/nios2-elf/4.1.2/../../../../nios2-elf/lib/mno-hw-mul\libc.a(lib_a-fvwrite.o) (memmove)
c:/altera/13.0sp1/nios2eds/bin/gnu/h-i686-mingw32/bin/../lib/gcc/nios2-elf/4.1.2/../../../../nios2-elf/lib/mno-hw-mul\libc.a(lib_a-reallocr.o)
                              c:/altera/13.0sp1/nios2eds/bin/gnu/h-i686-mingw32/bin/../lib/gcc/nios2-elf/4.1.2/../../../../nios2-elf/lib/mno-hw-mul\libc.a(lib_a-fvwrite.o) (_realloc_r)
c:/altera/13.0sp1/nios2eds/bin/gnu/h-i686-mingw32/bin/../lib/gcc/nios2-elf/4.1.2/../../../../nios2-elf/lib/mno-hw-mul\libc.a(lib_a-sbrkr.o)
                              c:/altera/13.0sp1/nios2eds/bin/gnu/h-i686-mingw32/bin/../lib/gcc/nios2-elf/4.1.2/../../../../nios2-elf/lib/mno-hw-mul\libc.a(lib_a-mallocr.o) (_sbrk_r)
c:/altera/13.0sp1/nios2eds/bin/gnu/h-i686-mingw32/bin/../lib/gcc/nios2-elf/4.1.2/../../../../nios2-elf/lib/mno-hw-mul\libc.a(lib_a-wsetup.o)
                              c:/altera/13.0sp1/nios2eds/bin/gnu/h-i686-mingw32/bin/../lib/gcc/nios2-elf/4.1.2/../../../../nios2-elf/lib/mno-hw-mul\libc.a(lib_a-fvwrite.o) (__swsetup_r)
c:/altera/13.0sp1/nios2eds/bin/gnu/h-i686-mingw32/bin/../lib/gcc/nios2-elf/4.1.2/../../../../nios2-elf/lib/mno-hw-mul\libc.a(lib_a-fflush.o)
                              c:/altera/13.0sp1/nios2eds/bin/gnu/h-i686-mingw32/bin/../lib/gcc/nios2-elf/4.1.2/../../../../nios2-elf/lib/mno-hw-mul\libc.a(lib_a-fvwrite.o) (_fflush_r)
c:/altera/13.0sp1/nios2eds/bin/gnu/h-i686-mingw32/bin/../lib/gcc/nios2-elf/4.1.2/../../../../nios2-elf/lib/mno-hw-mul\libc.a(lib_a-findfp.o)
                              c:/altera/13.0sp1/nios2eds/bin/gnu/h-i686-mingw32/bin/../lib/gcc/nios2-elf/4.1.2/../../../../nios2-elf/lib/mno-hw-mul\libc.a(lib_a-wsetup.o) (__sinit)
c:/altera/13.0sp1/nios2eds/bin/gnu/h-i686-mingw32/bin/../lib/gcc/nios2-elf/4.1.2/../../../../nios2-elf/lib/mno-hw-mul\libc.a(lib_a-freer.o)
                              c:/altera/13.0sp1/nios2eds/bin/gnu/h-i686-mingw32/bin/../lib/gcc/nios2-elf/4.1.2/../../../../nios2-elf/lib/mno-hw-mul\libc.a(lib_a-fvwrite.o) (_free_r)
c:/altera/13.0sp1/nios2eds/bin/gnu/h-i686-mingw32/bin/../lib/gcc/nios2-elf/4.1.2/../../../../nios2-elf/lib/mno-hw-mul\libc.a(lib_a-fwalk.o)
                              c:/altera/13.0sp1/nios2eds/bin/gnu/h-i686-mingw32/bin/../lib/gcc/nios2-elf/4.1.2/../../../../nios2-elf/lib/mno-hw-mul\libc.a(lib_a-fflush.o) (_fwalk_reent)
c:/altera/13.0sp1/nios2eds/bin/gnu/h-i686-mingw32/bin/../lib/gcc/nios2-elf/4.1.2/../../../../nios2-elf/lib/mno-hw-mul\libc.a(lib_a-int_errno.o)
[...]
Memory Configuration

Name             Origin             Length             Attributes
reset            0x00800000         0x00000020
new_sdram_controller_0 0x00800020         0x007fffe0
onchip_memory2_0 0x01001000         0x00001000
*default*        0x00000000         0xffffffff

Linker script and memory map

LOAD ../de1_ucosii_tutorial_bsp//obj/HAL/src/crt0.o
LOAD obj/default/hello_ucosii.o
LOAD c:/altera/13.0sp1/nios2eds/bin/gnu/h-i686-mingw32/bin/../lib/gcc/nios2-elf/4.1.2/../../../../nios2-elf/lib/mno-hw-mul\libstdc++.a
LOAD c:/altera/13.0sp1/nios2eds/bin/gnu/h-i686-mingw32/bin/../lib/gcc/nios2-elf/4.1.2/../../../../nios2-elf/lib/mno-hw-mul\libm.a
LOAD c:/altera/13.0sp1/nios2eds/bin/gnu/h-i686-mingw32/bin/../lib/gcc/nios2-elf/4.1.2/mno-hw-mul\libgcc.a
START GROUP
LOAD c:/altera/13.0sp1/nios2eds/bin/gnu/h-i686-mingw32/bin/../lib/gcc/nios2-elf/4.1.2/../../../../nios2-elf/lib/mno-hw-mul\libc.a
LOAD c:/altera/13.0sp1/nios2eds/bin/gnu/h-i686-mingw32/bin/../lib/gcc/nios2-elf/4.1.2/mno-hw-mul\libgcc.a
LOAD ../de1_ucosii_tutorial_bsp/\libucosii_bsp.a
END GROUP
LOAD c:/altera/13.0sp1/nios2eds/bin/gnu/h-i686-mingw32/bin/../lib/gcc/nios2-elf/4.1.2/mno-hw-mul\libgcc.a
                0x00800000                __alt_mem_new_sdram_controller_0 = 0x800000
                0x01001000                __alt_mem_onchip_memory2_0 = 0x1001000

.entry          0x00800000       0x20
 *(.entry)
 .entry         0x00800000       0x20 ../de1_ucosii_tutorial_bsp//obj/HAL/src/crt0.o
                0x00800000                __reset

.exceptions     0x00800020      0x19c
                0x00800020                PROVIDE (__ram_exceptions_start, ABSOLUTE (.))
                0x00800020                . = ALIGN (0x20)
 *(.irq)
 *(.exceptions.entry.label)
 .exceptions.entry.label
                0x00800020        0x0 ../de1_ucosii_tutorial_bsp/\libucosii_bsp.a(alt_irq_entry.o)
                0x00800020                alt_irq_entry
 .exceptions.entry.label
                0x00800020        0x0 ../de1_ucosii_tutorial_bsp/\libucosii_bsp.a(alt_exception_entry.o)
                0x00800020                alt_exception
 *(.exceptions.entry.user)
 *(.exceptions.entry)
 .exceptions.entry
                0x00800020       0x54 ../de1_ucosii_tutorial_bsp/\libucosii_bsp.a(alt_exception_entry.o)
 *(.exceptions.irqtest.user)
 *(.exceptions.irqtest)
 .exceptions.irqtest
                0x00800074       0x10 ../de1_ucosii_tutorial_bsp/\libucosii_bsp.a(alt_irq_entry.o)
 *(.exceptions.irqhandler.user)
 *(.exceptions.irqhandler)
 .exceptions.irqhandler
                0x00800084        0x4 ../de1_ucosii_tutorial_bsp/\libucosii_bsp.a(alt_irq_entry.o)
 *(.exceptions.irqreturn.user)
 *(.exceptions.irqreturn)
 .exceptions.irqreturn
                0x00800088        0x4 ../de1_ucosii_tutorial_bsp/\libucosii_bsp.a(alt_irq_entry.o)
 *(.exceptions.notirq.label)
 .exceptions.notirq.label
                0x0080008c        0x0 ../de1_ucosii_tutorial_bsp/\libucosii_bsp.a(alt_irq_entry.o)
 *(.exceptions.notirq.user)
 *(.exceptions.notirq)
 .exceptions.notirq
                0x0080008c        0x8 ../de1_ucosii_tutorial_bsp/\libucosii_bsp.a(alt_exception_entry.o)
 *(.exceptions.soft.user)
 *(.exceptions.soft)
 *(.exceptions.unknown.user)
 *(.exceptions.unknown)
 .exceptions.unknown
                0x00800094        0x4 ../de1_ucosii_tutorial_bsp/\libucosii_bsp.a(alt_exception_entry.o)
 *(.exceptions.exit.label)
 .exceptions.exit.label
                0x00800098        0x0 ../de1_ucosii_tutorial_bsp/\libucosii_bsp.a(alt_irq_entry.o)
 .exceptions.exit.label
                0x00800098        0x0 ../de1_ucosii_tutorial_bsp/\libucosii_bsp.a(alt_exception_entry.o)
 *(.exceptions.exit.user)
 *(.exceptions.exit)
 .exceptions.exit
                0x00800098       0x54 ../de1_ucosii_tutorial_bsp/\libucosii_bsp.a(alt_exception_entry.o)
 *(.exceptions)
 .exceptions    0x008000ec       0xd0 ../de1_ucosii_tutorial_bsp/\libucosii_bsp.a(alt_irq_handler.o)
                0x008000ec                alt_irq_handler
                0x008001bc                PROVIDE (__ram_exceptions_end, ABSOLUTE (.))
                0x00800020                PROVIDE (__flash_exceptions_start, LOADADDR (.exceptions))

.text           0x008001bc     0xfa5c
                0x008001bc                PROVIDE (stext, ABSOLUTE (.))
 *(.interp)
 *(.hash)
 *(.dynsym)
 *(.dynstr)
 *(.gnu.version)
 *(.gnu.version_d)
 *(.gnu.version_r)
 *(.rel.init)
 *(.rela.init)
 *(.rel.text .rel.text.* .rel.gnu.linkonce.t.*)
 *(.rela.text .rela.text.* .rela.gnu.linkonce.t.*)
 *(.rel.fini)
 *(.rela.fini)
 *(.rel.rodata .rel.rodata.* .rel.gnu.linkonce.r.*)
 *(.rela.rodata .rela.rodata.* .rela.gnu.linkonce.r.*)
 *(.rel.data .rel.data.* .rel.gnu.linkonce.d.*)
 *(.rela.data .rela.data.* .rela.gnu.linkonce.d.*)
 *(.rel.tdata .rel.tdata.* .rel.gnu.linkonce.td.*)
 *(.rela.tdata .rela.tdata.* .rela.gnu.linkonce.td.*)
 *(.rel.tbss .rel.tbss.* .rel.gnu.linkonce.tb.*)
 *(.rela.tbss .rela.tbss.* .rela.gnu.linkonce.tb.*)
 *(.rel.ctors)
 *(.rela.ctors)
 *(.rel.dtors)
 *(.rela.dtors)
 *(.rel.got)
 *(.rela.got)
 *(.rel.sdata .rel.sdata.* .rel.gnu.linkonce.s.*)
 *(.rela.sdata .rela.sdata.* .rela.gnu.linkonce.s.*)
 *(.rel.sbss .rel.sbss.* .rel.gnu.linkonce.sb.*)
 *(.rela.sbss .rela.sbss.* .rela.gnu.linkonce.sb.*)
 *(.rel.sdata2 .rel.sdata2.* .rel.gnu.linkonce.s2.*)
 *(.rela.sdata2 .rela.sdata2.* .rela.gnu.linkonce.s2.*)
 *(.rel.sbss2 .rel.sbss2.* .rel.gnu.linkonce.sb2.*)
 *(.rela.sbss2 .rela.sbss2.* .rela.gnu.linkonce.sb2.*)
 *(.rel.bss .rel.bss.* .rel.gnu.linkonce.b.*)
 *(.rela.bss .rela.bss.* .rela.gnu.linkonce.b.*)
 *(.rel.plt)
 *(.rela.plt)
 *(.rel.dyn)
 *(.init)
 *(.plt)
 *(.text .stub .text.* .gnu.linkonce.t.*)
 .text          0x008001bc       0x3c ../de1_ucosii_tutorial_bsp//obj/HAL/src/crt0.o
                0x008001bc                _start
 .text          0x008001f8      0x11c obj/default/hello_ucosii.o
                0x008001f8                task1
                0x00800230                task2
                0x00800268                main
 .text          0x00800314       0xb4 c:/altera/13.0sp1/nios2eds/bin/gnu/h-i686-mingw32/bin/../lib/gcc/nios2-elf/4.1.2/../../../../nios2-elf/lib/mno-hw-mul\libc.a(lib_a-puts.o)
                0x00800314                _puts_r
                0x008003b4                puts
 .text          0x008003c8       0x74 c:/altera/13.0sp1/nios2eds/bin/gnu/h-i686-mingw32/bin/../lib/gcc/nios2-elf/4.1.2/../../../../nios2-elf/lib/mno-hw-mul\libc.a(lib_a-strlen.o)
                0x008003c8                strlen
 .text          0x0080043c      0x49c c:/altera/13.0sp1/nios2eds/bin/gnu/h-i686-mingw32/bin/../lib/gcc/nios2-elf/4.1.2/../../../../nios2-elf/lib/mno-hw-mul\libc.a(lib_a-fvwrite.o)
                0x0080043c                __sfvwrite_r
 .text          0x008008d8        0x0 c:/altera/13.0sp1/nios2eds/bin/gnu/h-i686-mingw32/bin/../lib/gcc/nios2-elf/4.1.2/../../../../nios2-elf/lib/mno-hw-mul\libc.a(lib_a-impure.o)
 .text          0x008008d8      0x740 c:/altera/13.0sp1/nios2eds/bin/gnu/h-i686-mingw32/bin/../lib/gcc/nios2-elf/4.1.2/../../../../nios2-elf/lib/mno-hw-mul\libc.a(lib_a-mallocr.o)
                0x008008d8                _malloc_r
 .text          0x00801018       0xe4 c:/altera/13.0sp1/nios2eds/bin/gnu/h-i686-mingw32/bin/../lib/gcc/nios2-elf/4.1.2/../../../../nios2-elf/lib/mno-hw-mul\libc.a(lib_a-memchr.o)
                0x00801018                memchr
 .text          0x008010fc       0xa0 c:/altera/13.0sp1/nios2eds/bin/gnu/h-i686-mingw32/bin/../lib/gcc/nios2-elf/4.1.2/../../../../nios2-elf/lib/mno-hw-mul\libc.a(lib_a-memcpy.o)
                0x008010fc                memcpy
 .text          0x0080119c       0xe0 c:/altera/13.0sp1/nios2eds/bin/gnu/h-i686-mingw32/bin/../lib/gcc/nios2-elf/4.1.2/../../../../nios2-elf/lib/mno-hw-mul\libc.a(lib_a-memmove.o)
                0x0080119c                memmove
 .text          0x0080127c      0x5f4 c:/altera/13.0sp1/nios2eds/bin/gnu/h-i686-mingw32/bin/../lib/gcc/nios2-elf/4.1.2/../../../../nios2-elf/lib/mno-hw-mul\libc.a(lib_a-reallocr.o)
                0x0080127c                _realloc_r
 .text          0x00801870       0x70 c:/altera/13.0sp1/nios2eds/bin/gnu/h-i686-mingw32/bin/../lib/gcc/nios2-elf/4.1.2/../../../../nios2-elf/lib/mno-hw-mul\libc.a(lib_a-sbrkr.o)
                0x00801870                _sbrk_r
 .text          0x008018e0      0x13c c:/altera/13.0sp1/nios2eds/bin/gnu/h-i686-mingw32/bin/../lib/gcc/nios2-elf/4.1.2/../../../../nios2-elf/lib/mno-hw-mul\libc.a(lib_a-wsetup.o)
                0x008018e0                __swsetup_r
 .text          0x00801a1c      0x230 c:/altera/13.0sp1/nios2eds/bin/gnu/h-i686-mingw32/bin/../lib/gcc/nios2-elf/4.1.2/../../../../nios2-elf/lib/mno-hw-mul\libc.a(lib_a-fflush.o)
                0x00801a1c                _fflush_r
                0x00801c18                fflush
 .text          0x00801c4c      0x2f4 c:/altera/13.0sp1/nios2eds/bin/gnu/h-i686-mingw32/bin/../lib/gcc/nios2-elf/4.1.2/../../../../nios2-elf/lib/mno-hw-mul\libc.a(lib_a-findfp.o)
                0x00801ca4                __sfp_lock_acquire
                0x00801ca8                __sfp_lock_release
                0x00801cac                __sinit_lock_acquire
                0x00801cb0                __sinit_lock_release
                0x00801cb4                __sinit
                0x00801d68                __fp_unlock_all
                0x00801d80                __fp_lock_all
                0x00801d98                _cleanup_r
                0x00801da4                _cleanup
                0x00801db4                __sfmoreglue
                0x00801e50                __sfp
 .text          0x00801f40      0x440 c:/altera/13.0sp1/nios2eds/bin/gnu/h-i686-mingw32/bin/../lib/gcc/nios2-elf/4.1.2/../../../../nios2-elf/lib/mno-hw-mul\libc.a(lib_a-freer.o)
                0x00801f40                _malloc_trim_r
                0x0080206c                _free_r
 .text          0x00802380      0x180 c:/altera/13.0sp1/nios2eds/bin/gnu/h-i686-mingw32/bin/../lib/gcc/nios2-elf/4.1.2/../../../../nios2-elf/lib/mno-hw-mul\libc.a(lib_a-fwalk.o)
                0x00802380                _fwalk_reent
                0x00802448                _fwalk
 .text          0x00802500        0x0 c:/altera/13.0sp1/nios2eds/bin/gnu/h-i686-mingw32/bin/../lib/gcc/nios2-elf/4.1.2/../../../../nios2-elf/lib/mno-hw-mul\libc.a(lib_a-int_errno.o)
 .text          0x00802500      0x194 c:/altera/13.0sp1/nios2eds/bin/gnu/h-i686-mingw32/bin/../lib/gcc/nios2-elf/4.1.2/../../../../nios2-elf/lib/mno-hw-mul\libc.a(lib_a-makebuf.o)
                0x00802500                __smakebuf_r
 .text          0x00802694       0x98 c:/altera/13.0sp1/nios2eds/bin/gnu/h-i686-mingw32/bin/../lib/gcc/nios2-elf/4.1.2/../../../../nios2-elf/lib/mno-hw-mul\libc.a(lib_a-memset.o)
                0x00802694                memset
 .text          0x0080272c      0x14c c:/altera/13.0sp1/nios2eds/bin/gnu/h-i686-mingw32/bin/../lib/gcc/nios2-elf/4.1.2/../../../../nios2-elf/lib/mno-hw-mul\libc.a(lib_a-stdio.o)
                0x0080272c                __sclose
                0x00802734                __sseek
                0x0080279c                __swrite
                0x00802818                __sread
 .text          0x00802878       0x78 c:/altera/13.0sp1/nios2eds/bin/gnu/h-i686-mingw32/bin/../lib/gcc/nios2-elf/4.1.2/../../../../nios2-elf/lib/mno-hw-mul\libc.a(lib_a-writer.o)
                0x00802878                _write_r
 .text          0x008028f0       0x70 c:/altera/13.0sp1/nios2eds/bin/gnu/h-i686-mingw32/bin/../lib/gcc/nios2-elf/4.1.2/../../../../nios2-elf/lib/mno-hw-mul\libc.a(lib_a-closer.o)
                0x008028f0                _close_r
 .text          0x00802960      0x124 c:/altera/13.0sp1/nios2eds/bin/gnu/h-i686-mingw32/bin/../lib/gcc/nios2-elf/4.1.2/../../../../nios2-elf/lib/mno-hw-mul\libc.a(lib_a-fclose.o)
                0x00802960                _fclose_r
                0x00802a70                fclose
 .text          0x00802a84       0x74 c:/altera/13.0sp1/nios2eds/bin/gnu/h-i686-mingw32/bin/../lib/gcc/nios2-elf/4.1.2/../../../../nios2-elf/lib/mno-hw-mul\libc.a(lib_a-fstatr.o)
                0x00802a84                _fstat_r
 .text          0x00802af8       0x70 c:/altera/13.0sp1/nios2eds/bin/gnu/h-i686-mingw32/bin/../lib/gcc/nios2-elf/4.1.2/../../../../nios2-elf/lib/mno-hw-mul\libc.a(lib_a-isattyr.o)
                0x00802af8                _isatty_r
 .text          0x00802b68       0x78 c:/altera/13.0sp1/nios2eds/bin/gnu/h-i686-mingw32/bin/../lib/gcc/nios2-elf/4.1.2/../../../../nios2-elf/lib/mno-hw-mul\libc.a(lib_a-lseekr.o)
                0x00802b68                _lseek_r
 .text          0x00802be0       0x78 c:/altera/13.0sp1/nios2eds/bin/gnu/h-i686-mingw32/bin/../lib/gcc/nios2-elf/4.1.2/../../../../nios2-elf/lib/mno-hw-mul\libc.a(lib_a-readr.o)
                0x00802be0                _read_r
 .text          0x00802c58       0x38 c:/altera/13.0sp1/nios2eds/bin/gnu/h-i686-mingw32/bin/../lib/gcc/nios2-elf/4.1.2/mno-hw-mul\libgcc.a(lib2-mul.o)
                0x00802c58                __mulsi3
 .text          0x00802c90      0x160 ../de1_ucosii_tutorial_bsp/\libucosii_bsp.a(alt_close.o)
                0x00802c90                close
 .text          0x00802df0       0x2c ../de1_ucosii_tutorial_bsp/\libucosii_bsp.a(alt_dev.o)
 .text          0x00802e1c        0x0 ../de1_ucosii_tutorial_bsp/\libucosii_bsp.a(alt_errno.o)
 .text          0x00802e1c      0x138 ../de1_ucosii_tutorial_bsp/\libucosii_bsp.a(alt_fstat.o)
                0x00802e1c                fstat
 .text          0x00802f54      0x124 ../de1_ucosii_tutorial_bsp/\libucosii_bsp.a(alt_isatty.o)
                0x00802f54                isatty
 .text          0x00803078       0xec ../de1_ucosii_tutorial_bsp/\libucosii_bsp.a(alt_load.o)
                0x00803078                alt_load
 .text          0x00803164      0x154 ../de1_ucosii_tutorial_bsp/\libucosii_bsp.a(alt_lseek.o)
                0x00803164                lseek
 .text          0x008032b8       0xc8 ../de1_ucosii_tutorial_bsp/\libucosii_bsp.a(alt_main.o)
                0x008032b8                alt_main
 .text          0x00803380      0x184 ../de1_ucosii_tutorial_bsp/\libucosii_bsp.a(alt_read.o)
                0x00803380                read
 .text          0x00803504       0x78 ../de1_ucosii_tutorial_bsp/\libucosii_bsp.a(alt_release_fd.o)
                0x00803504                alt_release_fd
 .text          0x0080357c       0xbc ../de1_ucosii_tutorial_bsp/\libucosii_bsp.a(alt_sbrk.o)
                0x0080357c                sbrk
 .text          0x00803638      0x184 ../de1_ucosii_tutorial_bsp/\libucosii_bsp.a(alt_write.o)
                0x00803638                write
 .text          0x008037bc      0x108 ../de1_ucosii_tutorial_bsp/\libucosii_bsp.a(alt_env_lock.o)
                0x008037bc                __env_lock
                0x00803868                __env_unlock
 .text          0x008038c4      0x1d8 ../de1_ucosii_tutorial_bsp/\libucosii_bsp.a(alt_malloc_lock.o)
                0x008038c4                __malloc_lock
                0x008039cc                __malloc_unlock
 .text          0x00803a9c     0x2128 ../de1_ucosii_tutorial_bsp/\libucosii_bsp.a(os_core.o)
                0x00803a9c                OSEventNameGet
                0x00803bcc                OSEventNameSet
                0x00803d10                OSEventPendMulti
                0x008043c4                OSInit
                0x00804418                OSIntEnter
                0x00804494                OSIntExit
                0x00804594                OSSchedLock
                0x00804620                OSSchedUnlock
                0x00804704                OSStart
                0x00804774                OSStatInit
                0x00804820                OSTimeTick
                0x00804a60                OSVersion
                0x00804a80                OS_Dummy
                0x00804a9c                OS_EventTaskRdy
                0x00804c30                OS_EventTaskWait
                0x00804d40                OS_EventTaskWaitMulti
                0x00804e94                OS_EventTaskRemove
                0x00804f4c                OS_EventTaskRemoveMulti
                0x00805050                OS_EventWaitListInit
                0x0080541c                OS_MemClr
                0x00805470                OS_MemCopy
                0x008054dc                OS_Sched
                0x00805620                OS_StrCopy
                0x008056a0                OS_StrLen
                0x008056f8                OS_TaskIdle
                0x00805754                OS_TaskStat
                0x0080581c                OS_TaskStatStkChk
                0x008058e4                OS_TCBInit
 .text          0x00805bc4      0x18c ../de1_ucosii_tutorial_bsp/\libucosii_bsp.a(os_dbg.o)
                0x00805bc4                OSDebugInit
 .text          0x00805d50     0x193c ../de1_ucosii_tutorial_bsp/\libucosii_bsp.a(os_flag.o)
                0x00805d50                OSFlagAccept
                0x00806084                OSFlagCreate
                0x008061c0                OSFlagDel
                0x00806468                OSFlagNameGet
                0x008065ac                OSFlagNameSet
                0x00806700                OSFlagPend
                0x00806d44                OSFlagPendGetFlagsRdy
                0x00806dac                OSFlagPost
                0x00807154                OSFlagQuery
                0x008073ec                OS_FlagInit
                0x008075e0                OS_FlagUnlink
 .text          0x0080768c      0x80c ../de1_ucosii_tutorial_bsp/\libucosii_bsp.a(os_mem.o)
                0x0080768c                OSMemCreate
                0x008078a8                OSMemGet
                0x008079ac                OSMemNameGet
                0x00807ab8                OSMemNameSet
                0x00807bd8                OSMemPut
                0x00807cc8                OSMemQuery
                0x00807dc4                OS_MemInit
 .text          0x00807e98     0x1334 ../de1_ucosii_tutorial_bsp/\libucosii_bsp.a(os_q.o)
                0x00807e98                OSQAccept
                0x00807fec                OSQCreate
                0x00808200                OSQDel
                0x00808500                OSQFlush
                0x008085c8                OSQPend
                0x008088e8                OSQPendAbort
                0x00808a64                OSQPost
                0x00808be4                OSQPostFront
                0x00808d6c                OSQPostOpt
                0x00808fa0                OSQQuery
                0x00809120                OS_QInit
 .text          0x008091cc      0xbc8 ../de1_ucosii_tutorial_bsp/\libucosii_bsp.a(os_sem.o)
                0x008091cc                OSSemAccept
                0x0080928c                OSSemCreate
                0x008093a0                OSSemDel
                0x00809640                OSSemPend
                0x008098bc                OSSemPendAbort
                0x00809a38                OSSemPost
                0x00809b60                OSSemQuery
                0x00809c90                OSSemSet
 .text          0x00809d94     0x1a40 ../de1_ucosii_tutorial_bsp/\libucosii_bsp.a(os_task.o)
                0x00809d94                OSTaskChangePrio
                0x0080a308                OSTaskCreate
                0x0080a4dc                OSTaskCreateExt
                0x0080a6dc                OSTaskDel
                0x0080aae8                OSTaskDelReq
                0x0080ac58                OSTaskNameGet
                0x0080ae10                OSTaskNameSet
                0x0080afd4                OSTaskResume
                0x0080b1ec                OSTaskStkChk
                0x0080b3e8                OSTaskSuspend
                0x0080b614                OSTaskQuery
                0x0080b758                OS_TaskStkClr
 .text          0x0080b7d4      0x67c ../de1_ucosii_tutorial_bsp/\libucosii_bsp.a(os_time.o)
                0x0080b7d4                OSTimeDly
                0x0080b920                OSTimeDlyHMSM
                0x0080bb78                OSTimeDlyResume
                0x0080bd88                OSTimeGet
                0x0080bdec                OSTimeSet
 .text          0x0080be50       0xc8 ../de1_ucosii_tutorial_bsp/\libucosii_bsp.a(alt_sys_init.o)
                0x0080be50                alt_irq_init
                0x0080be84                alt_sys_init
 .text          0x0080bf18      0x148 ../de1_ucosii_tutorial_bsp/\libucosii_bsp.a(altera_avalon_jtag_uart_fd.o)
                0x0080bf18                altera_avalon_jtag_uart_read_fd
                0x0080bf70                altera_avalon_jtag_uart_write_fd
                0x0080bfc8                altera_avalon_jtag_uart_close_fd
                0x0080c010                altera_avalon_jtag_uart_ioctl_fd
 .text          0x0080c060      0x584 ../de1_ucosii_tutorial_bsp/\libucosii_bsp.a(altera_avalon_jtag_uart_init.o)
                0x0080c060                altera_avalon_jtag_uart_init
                0x0080c570                altera_avalon_jtag_uart_close
 .text          0x0080c5e4       0xf4 ../de1_ucosii_tutorial_bsp/\libucosii_bsp.a(altera_avalon_jtag_uart_ioctl.o)
                0x0080c5e4                altera_avalon_jtag_uart_ioctl
 .text          0x0080c6d8      0x2c0 ../de1_ucosii_tutorial_bsp/\libucosii_bsp.a(altera_avalon_jtag_uart_read.o)
                0x0080c6d8                altera_avalon_jtag_uart_read
 .text          0x0080c998      0x2dc ../de1_ucosii_tutorial_bsp/\libucosii_bsp.a(altera_avalon_jtag_uart_write.o)
                0x0080c998                altera_avalon_jtag_uart_write
 .text          0x0080cc74      0x100 ../de1_ucosii_tutorial_bsp/\libucosii_bsp.a(altera_avalon_timer_sc.o)
                0x0080cce4                alt_avalon_timer_sc_init
 .text          0x0080cd74      0x154 ../de1_ucosii_tutorial_bsp/\libucosii_bsp.a(alt_alarm_start.o)
                0x0080cd74                alt_alarm_start
 .text          0x0080cec8       0x1c ../de1_ucosii_tutorial_bsp/\libucosii_bsp.a(alt_dcache_flush_all.o)
                0x0080cec8                alt_dcache_flush_all
 .text          0x0080cee4      0x114 ../de1_ucosii_tutorial_bsp/\libucosii_bsp.a(alt_dev_llist_insert.o)
                0x0080cee4                alt_dev_llist_insert
 .text          0x0080cff8       0x64 ../de1_ucosii_tutorial_bsp/\libucosii_bsp.a(alt_do_ctors.o)
                0x0080cff8                _do_ctors
 .text          0x0080d05c       0x64 ../de1_ucosii_tutorial_bsp/\libucosii_bsp.a(alt_do_dtors.o)
                0x0080d05c                _do_dtors
 .text          0x0080d0c0       0x1c ../de1_ucosii_tutorial_bsp/\libucosii_bsp.a(alt_icache_flush_all.o)
                0x0080d0c0                alt_icache_flush_all
 .text          0x0080d0dc      0x1d4 ../de1_ucosii_tutorial_bsp/\libucosii_bsp.a(alt_iic.o)
                0x0080d0dc                alt_ic_isr_register
                0x0080d12c                alt_ic_irq_enable
                0x0080d1c8                alt_ic_irq_disable
                0x0080d268                alt_ic_irq_enabled
 .text          0x0080d2b0       0xf8 ../de1_ucosii_tutorial_bsp/\libucosii_bsp.a(alt_iic_isr_register.o)
                0x0080d2b0                alt_iic_isr_register
 .text          0x0080d3a8      0x150 ../de1_ucosii_tutorial_bsp/\libucosii_bsp.a(alt_io_redirect.o)
                0x0080d480                alt_io_redirect
 .text          0x0080d4f8        0x0 ../de1_ucosii_tutorial_bsp/\libucosii_bsp.a(alt_irq_entry.o)
 .text          0x0080d4f8        0x0 ../de1_ucosii_tutorial_bsp/\libucosii_bsp.a(alt_irq_handler.o)
 .text          0x0080d4f8        0x0 ../de1_ucosii_tutorial_bsp/\libucosii_bsp.a(alt_irq_vars.o)
 .text          0x0080d4f8      0x2e4 ../de1_ucosii_tutorial_bsp/\libucosii_bsp.a(alt_open.o)
                0x0080d5f0                open
 .text          0x0080d7dc      0x1a8 ../de1_ucosii_tutorial_bsp/\libucosii_bsp.a(alt_tick.o)
                0x0080d7dc                alt_alarm_stop
                0x0080d874                alt_tick
 .text          0x0080d984       0x20 ../de1_ucosii_tutorial_bsp/\libucosii_bsp.a(altera_nios2_qsys_irq.o)
                0x0080d984                altera_nios2_qsys_irq_init
 .text          0x0080d9a4       0xd0 ../de1_ucosii_tutorial_bsp/\libucosii_bsp.a(os_cpu_a.o)
                0x0080d9a4                OSCtxSw
                0x0080d9a4                OSIntCtxSw
                0x0080da30                OSStartHighRdy
                0x0080da50                OSStartTsk
 .text          0x0080da74      0x418 ../de1_ucosii_tutorial_bsp/\libucosii_bsp.a(os_cpu_c.o)
                0x0080da74                OSTaskStkInit
                0x0080dd84                OSTaskCreateHook
                0x0080dda4                OSTaskDelHook
                0x0080ddc4                OSTaskSwHook
                0x0080dde0                OSTaskStatHook
                0x0080ddfc                OSTimeTickHook
                0x0080de18                OSInitHookBegin
                0x0080de34                OSInitHookEnd
                0x0080de50                OSTaskIdleHook
                0x0080de6c                OSTCBInitHook
 .text          0x0080de8c        0x0 ../de1_ucosii_tutorial_bsp/\libucosii_bsp.a(alt_exception_entry.o)
 .text          0x0080de8c       0x94 ../de1_ucosii_tutorial_bsp/\libucosii_bsp.a(alt_find_dev.o)
                0x0080de8c                alt_find_dev
 .text          0x0080df20      0x120 ../de1_ucosii_tutorial_bsp/\libucosii_bsp.a(alt_find_file.o)
                0x0080df20                alt_find_file
 .text          0x0080e040      0x104 ../de1_ucosii_tutorial_bsp/\libucosii_bsp.a(alt_get_fd.o)
                0x0080e040                alt_get_fd
 .text          0x0080e144       0x14 c:/altera/13.0sp1/nios2eds/bin/gnu/h-i686-mingw32/bin/../lib/gcc/nios2-elf/4.1.2/../../../../nios2-elf/lib/mno-hw-mul\libc.a(lib_a-atexit.o)
                0x0080e144                atexit
 .text          0x0080e158       0x38 c:/altera/13.0sp1/nios2eds/bin/gnu/h-i686-mingw32/bin/../lib/gcc/nios2-elf/4.1.2/../../../../nios2-elf/lib/mno-hw-mul\libc.a(lib_a-exit.o)
                0x0080e158                exit
 .text          0x0080e190       0x74 c:/altera/13.0sp1/nios2eds/bin/gnu/h-i686-mingw32/bin/../lib/gcc/nios2-elf/4.1.2/../../../../nios2-elf/lib/mno-hw-mul\libc.a(lib_a-memcmp.o)
                0x0080e190                memcmp
 .text          0x0080e204      0x134 c:/altera/13.0sp1/nios2eds/bin/gnu/h-i686-mingw32/bin/../lib/gcc/nios2-elf/4.1.2/../../../../nios2-elf/lib/mno-hw-mul\libc.a(lib_a-__atexit.o)
                0x0080e204                __register_exitproc
 .text          0x0080e338      0x1b4 c:/altera/13.0sp1/nios2eds/bin/gnu/h-i686-mingw32/bin/../lib/gcc/nios2-elf/4.1.2/../../../../nios2-elf/lib/mno-hw-mul\libc.a(lib_a-__call_atexit.o)
                0x0080e33c                __call_exitprocs
 .text          0x0080e4ec       0xa4 c:/altera/13.0sp1/nios2eds/bin/gnu/h-i686-mingw32/bin/../lib/gcc/nios2-elf/4.1.2/mno-hw-mul\libgcc.a(_fixunsdfsi.o)
                0x0080e4ec                __fixunsdfsi
 .text          0x0080e590      0x504 c:/altera/13.0sp1/nios2eds/bin/gnu/h-i686-mingw32/bin/../lib/gcc/nios2-elf/4.1.2/mno-hw-mul\libgcc.a(_addsub_df.o)
                0x0080e9a0                __subdf3
                0x0080ea20                __adddf3
 .text          0x0080ea94      0x3c4 c:/altera/13.0sp1/nios2eds/bin/gnu/h-i686-mingw32/bin/../lib/gcc/nios2-elf/4.1.2/mno-hw-mul\libgcc.a(_mul_df.o)
                0x0080ea94                __muldf3
 .text          0x0080ee58      0x258 c:/altera/13.0sp1/nios2eds/bin/gnu/h-i686-mingw32/bin/../lib/gcc/nios2-elf/4.1.2/mno-hw-mul\libgcc.a(_div_df.o)
                0x0080ee58                __divdf3
 .text          0x0080f0b0       0x88 c:/altera/13.0sp1/nios2eds/bin/gnu/h-i686-mingw32/bin/../lib/gcc/nios2-elf/4.1.2/mno-hw-mul\libgcc.a(_ge_df.o)
                0x0080f0b0                __gedf2
 .text          0x0080f138       0xd8 c:/altera/13.0sp1/nios2eds/bin/gnu/h-i686-mingw32/bin/../lib/gcc/nios2-elf/4.1.2/mno-hw-mul\libgcc.a(_df_to_si.o)
                0x0080f138                __fixdfsi
 .text          0x0080f210        0x0 c:/altera/13.0sp1/nios2eds/bin/gnu/h-i686-mingw32/bin/../lib/gcc/nios2-elf/4.1.2/mno-hw-mul\libgcc.a(_thenan_df.o)
 .text          0x0080f210      0x194 c:/altera/13.0sp1/nios2eds/bin/gnu/h-i686-mingw32/bin/../lib/gcc/nios2-elf/4.1.2/mno-hw-mul\libgcc.a(_usi_to_df.o)
                0x0080f210                __floatunsidf
 .text          0x0080f3a4      0x14c c:/altera/13.0sp1/nios2eds/bin/gnu/h-i686-mingw32/bin/../lib/gcc/nios2-elf/4.1.2/mno-hw-mul\libgcc.a(lib2-divmod.o)
                0x0080f420                __divsi3
                0x0080f480                __modsi3
                0x0080f4e0                __udivsi3
                0x0080f4e8                __umodsi3
 .text          0x0080f4f0      0x124 c:/altera/13.0sp1/nios2eds/bin/gnu/h-i686-mingw32/bin/../lib/gcc/nios2-elf/4.1.2/mno-hw-mul\libgcc.a(_muldi3.o)
                0x0080f4f0                __muldi3
 .text          0x0080f614       0x80 c:/altera/13.0sp1/nios2eds/bin/gnu/h-i686-mingw32/bin/../lib/gcc/nios2-elf/4.1.2/mno-hw-mul\libgcc.a(_clzsi2.o)
                0x0080f614                __clzsi2
 .text          0x0080f694      0x314 c:/altera/13.0sp1/nios2eds/bin/gnu/h-i686-mingw32/bin/../lib/gcc/nios2-elf/4.1.2/mno-hw-mul\libgcc.a(_pack_df.o)
                0x0080f694                __pack_d
 .text          0x0080f9a8      0x138 c:/altera/13.0sp1/nios2eds/bin/gnu/h-i686-mingw32/bin/../lib/gcc/nios2-elf/4.1.2/mno-hw-mul\libgcc.a(_unpack_df.o)
                0x0080f9a8                __unpack_d
 .text          0x0080fae0       0xc8 c:/altera/13.0sp1/nios2eds/bin/gnu/h-i686-mingw32/bin/../lib/gcc/nios2-elf/4.1.2/mno-hw-mul\libgcc.a(_fpcmp_parts_df.o)
                0x0080fae0                __fpcmp_parts_d
 .text          0x0080fba8        0x0 c:/altera/13.0sp1/nios2eds/bin/gnu/h-i686-mingw32/bin/../lib/gcc/nios2-elf/4.1.2/mno-hw-mul\libgcc.a(_clz.o)
 .text          0x0080fba8       0x6c ../de1_ucosii_tutorial_bsp/\libucosii_bsp.a(alt_exit.o)
                0x0080fbe8                _exit
 *(.gnu.warning.*)
 *(.fini)
                0x0080fc14                PROVIDE (__etext, ABSOLUTE (.))
                0x0080fc14                PROVIDE (_etext, ABSOLUTE (.))
                0x0080fc14                PROVIDE (etext, ABSOLUTE (.))
 *(.eh_frame_hdr)
                0x0080fc14                . = ALIGN (0x4)
                0x0080fc14                PROVIDE (__preinit_array_start, ABSOLUTE (.))
 *(.preinit_array)
                0x0080fc14                PROVIDE (__preinit_array_end, ABSOLUTE (.))
                0x0080fc14                PROVIDE (__init_array_start, ABSOLUTE (.))
 *(.init_array)
                0x0080fc14                PROVIDE (__init_array_end, ABSOLUTE (.))
                0x0080fc14                PROVIDE (__fini_array_start, ABSOLUTE (.))
 *(.fini_array)
                0x0080fc14                PROVIDE (__fini_array_end, ABSOLUTE (.))
 *(.eh_frame)
 *(.gcc_except_table)
 *(.dynamic)
                0x0080fc14                PROVIDE (__CTOR_LIST__, ABSOLUTE (.))
 *(.ctors)
 *(SORT(.ctors.*))
 .ctors.65535   0x0080fc14        0x4 c:/altera/13.0sp1/nios2eds/bin/gnu/h-i686-mingw32/bin/../lib/gcc/nios2-elf/4.1.2/../../../../nios2-elf/lib/mno-hw-mul\libc.a(lib_a-__call_atexit.o)
                0x0080fc18                PROVIDE (__CTOR_END__, ABSOLUTE (.))
                0x0080fc18                PROVIDE (__DTOR_LIST__, ABSOLUTE (.))
 *(.dtors)
 *(SORT(.dtors.*))
                0x0080fc18                PROVIDE (__DTOR_END__, ABSOLUTE (.))
 *(.jcr)
                0x0080fc18                . = ALIGN (0x4)

.rodata         0x0080fc18      0x29c
                0x0080fc18                PROVIDE (__ram_rodata_start, ABSOLUTE (.))
                0x0080fc18                . = ALIGN (0x4)
 *(.rodata .rodata.* .gnu.linkonce.r.*)
 .rodata        0x0080fc18       0x28 obj/default/hello_ucosii.o
 .rodata.str1.4
                0x0080fc40        0x2 c:/altera/13.0sp1/nios2eds/bin/gnu/h-i686-mingw32/bin/../lib/gcc/nios2-elf/4.1.2/../../../../nios2-elf/lib/mno-hw-mul\libc.a(lib_a-puts.o)
                                  0x4 (size before relaxing)
 *fill*         0x0080fc42        0x2 00
 .rodata.str1.4
                0x0080fc44        0x4 c:/altera/13.0sp1/nios2eds/bin/gnu/h-i686-mingw32/bin/../lib/gcc/nios2-elf/4.1.2/../../../../nios2-elf/lib/mno-hw-mul\libc.a(lib_a-impure.o)
 .rodata        0x0080fc48        0xc ../de1_ucosii_tutorial_bsp/\libucosii_bsp.a(alt_dev.o)
 .rodata        0x0080fc54       0x14 ../de1_ucosii_tutorial_bsp/\libucosii_bsp.a(alt_main.o)
 .rodata        0x0080fc68      0x120 ../de1_ucosii_tutorial_bsp/\libucosii_bsp.a(os_core.o)
                0x0080fc68                OSUnMapTbl
 .rodata        0x0080fd88       0x14 ../de1_ucosii_tutorial_bsp/\libucosii_bsp.a(alt_sys_init.o)
 .rodata        0x0080fd9c        0x4 ../de1_ucosii_tutorial_bsp/\libucosii_bsp.a(os_cpu_c.o)
 .rodata        0x0080fda0       0x14 c:/altera/13.0sp1/nios2eds/bin/gnu/h-i686-mingw32/bin/../lib/gcc/nios2-elf/4.1.2/mno-hw-mul\libgcc.a(_thenan_df.o)
                0x0080fda0                __thenan_df
 .rodata        0x0080fdb4      0x100 c:/altera/13.0sp1/nios2eds/bin/gnu/h-i686-mingw32/bin/../lib/gcc/nios2-elf/4.1.2/mno-hw-mul\libgcc.a(_clz.o)
                0x0080fdb4                __clz_tab
 *(.rodata1)
                0x0080feb4                . = ALIGN (0x4)
                0x0080feb4                PROVIDE (__ram_rodata_end, ABSOLUTE (.))
                0x0080fc18                PROVIDE (__flash_rodata_start, LOADADDR (.rodata))

.rwdata         0x0080feb4     0x1ad0 load address 0x00811984
                0x0080feb4                PROVIDE (__ram_rwdata_start, ABSOLUTE (.))
                0x0080feb4                . = ALIGN (0x4)
 *(.got.plt)
 *(.got)
 *(.data1)
 *(.data .data.* .gnu.linkonce.d.*)
 .data          0x0080feb4        0x0 ../de1_ucosii_tutorial_bsp//obj/HAL/src/crt0.o
 .data          0x0080feb4        0x0 obj/default/hello_ucosii.o
 .data          0x0080feb4        0x0 c:/altera/13.0sp1/nios2eds/bin/gnu/h-i686-mingw32/bin/../lib/gcc/nios2-elf/4.1.2/../../../../nios2-elf/lib/mno-hw-mul\libc.a(lib_a-puts.o)
 .data          0x0080feb4        0x0 c:/altera/13.0sp1/nios2eds/bin/gnu/h-i686-mingw32/bin/../lib/gcc/nios2-elf/4.1.2/../../../../nios2-elf/lib/mno-hw-mul\libc.a(lib_a-strlen.o)
 .data          0x0080feb4        0x0 c:/altera/13.0sp1/nios2eds/bin/gnu/h-i686-mingw32/bin/../lib/gcc/nios2-elf/4.1.2/../../../../nios2-elf/lib/mno-hw-mul\libc.a(lib_a-fvwrite.o)
 .data          0x0080feb4      0x400 c:/altera/13.0sp1/nios2eds/bin/gnu/h-i686-mingw32/bin/../lib/gcc/nios2-elf/4.1.2/../../../../nios2-elf/lib/mno-hw-mul\libc.a(lib_a-impure.o)
 .data          0x008102b4      0x408 c:/altera/13.0sp1/nios2eds/bin/gnu/h-i686-mingw32/bin/../lib/gcc/nios2-elf/4.1.2/../../../../nios2-elf/lib/mno-hw-mul\libc.a(lib_a-mallocr.o)
                0x008102b4                __malloc_av_
 .data          0x008106bc        0x0 c:/altera/13.0sp1/nios2eds/bin/gnu/h-i686-mingw32/bin/../lib/gcc/nios2-elf/4.1.2/../../../../nios2-elf/lib/mno-hw-mul\libc.a(lib_a-memchr.o)
 .data          0x008106bc        0x0 c:/altera/13.0sp1/nios2eds/bin/gnu/h-i686-mingw32/bin/../lib/gcc/nios2-elf/4.1.2/../../../../nios2-elf/lib/mno-hw-mul\libc.a(lib_a-memcpy.o)
 .data          0x008106bc        0x0 c:/altera/13.0sp1/nios2eds/bin/gnu/h-i686-mingw32/bin/../lib/gcc/nios2-elf/4.1.2/../../../../nios2-elf/lib/mno-hw-mul\libc.a(lib_a-memmove.o)
 .data          0x008106bc        0x0 c:/altera/13.0sp1/nios2eds/bin/gnu/h-i686-mingw32/bin/../lib/gcc/nios2-elf/4.1.2/../../../../nios2-elf/lib/mno-hw-mul\libc.a(lib_a-reallocr.o)
 .data          0x008106bc        0x0 c:/altera/13.0sp1/nios2eds/bin/gnu/h-i686-mingw32/bin/../lib/gcc/nios2-elf/4.1.2/../../../../nios2-elf/lib/mno-hw-mul\libc.a(lib_a-sbrkr.o)
 .data          0x008106bc        0x0 c:/altera/13.0sp1/nios2eds/bin/gnu/h-i686-mingw32/bin/../lib/gcc/nios2-elf/4.1.2/../../../../nios2-elf/lib/mno-hw-mul\libc.a(lib_a-wsetup.o)
 .data          0x008106bc        0x0 c:/altera/13.0sp1/nios2eds/bin/gnu/h-i686-mingw32/bin/../lib/gcc/nios2-elf/4.1.2/../../../../nios2-elf/lib/mno-hw-mul\libc.a(lib_a-fflush.o)
 .data          0x008106bc        0x0 c:/altera/13.0sp1/nios2eds/bin/gnu/h-i686-mingw32/bin/../lib/gcc/nios2-elf/4.1.2/../../../../nios2-elf/lib/mno-hw-mul\libc.a(lib_a-findfp.o)
 .data          0x008106bc        0x0 c:/altera/13.0sp1/nios2eds/bin/gnu/h-i686-mingw32/bin/../lib/gcc/nios2-elf/4.1.2/../../../../nios2-elf/lib/mno-hw-mul\libc.a(lib_a-freer.o)
 .data          0x008106bc        0x0 c:/altera/13.0sp1/nios2eds/bin/gnu/h-i686-mingw32/bin/../lib/gcc/nios2-elf/4.1.2/../../../../nios2-elf/lib/mno-hw-mul\libc.a(lib_a-fwalk.o)
 .data          0x008106bc        0x0 c:/altera/13.0sp1/nios2eds/bin/gnu/h-i686-mingw32/bin/../lib/gcc/nios2-elf/4.1.2/../../../../nios2-elf/lib/mno-hw-mul\libc.a(lib_a-int_errno.o)
 .data          0x008106bc        0x0 c:/altera/13.0sp1/nios2eds/bin/gnu/h-i686-mingw32/bin/../lib/gcc/nios2-elf/4.1.2/../../../../nios2-elf/lib/mno-hw-mul\libc.a(lib_a-makebuf.o)
 .data          0x008106bc        0x0 c:/altera/13.0sp1/nios2eds/bin/gnu/h-i686-mingw32/bin/../lib/gcc/nios2-elf/4.1.2/../../../../nios2-elf/lib/mno-hw-mul\libc.a(lib_a-memset.o)
 .data          0x008106bc        0x0 c:/altera/13.0sp1/nios2eds/bin/gnu/h-i686-mingw32/bin/../lib/gcc/nios2-elf/4.1.2/../../../../nios2-elf/lib/mno-hw-mul\libc.a(lib_a-stdio.o)
 .data          0x008106bc        0x0 c:/altera/13.0sp1/nios2eds/bin/gnu/h-i686-mingw32/bin/../lib/gcc/nios2-elf/4.1.2/../../../../nios2-elf/lib/mno-hw-mul\libc.a(lib_a-writer.o)
 .data          0x008106bc        0x0 c:/altera/13.0sp1/nios2eds/bin/gnu/h-i686-mingw32/bin/../lib/gcc/nios2-elf/4.1.2/../../../../nios2-elf/lib/mno-hw-mul\libc.a(lib_a-closer.o)
 .data          0x008106bc        0x0 c:/altera/13.0sp1/nios2eds/bin/gnu/h-i686-mingw32/bin/../lib/gcc/nios2-elf/4.1.2/../../../../nios2-elf/lib/mno-hw-mul\libc.a(lib_a-fclose.o)
 .data          0x008106bc        0x0 c:/altera/13.0sp1/nios2eds/bin/gnu/h-i686-mingw32/bin/../lib/gcc/nios2-elf/4.1.2/../../../../nios2-elf/lib/mno-hw-mul\libc.a(lib_a-fstatr.o)
 .data          0x008106bc        0x0 c:/altera/13.0sp1/nios2eds/bin/gnu/h-i686-mingw32/bin/../lib/gcc/nios2-elf/4.1.2/../../../../nios2-elf/lib/mno-hw-mul\libc.a(lib_a-isattyr.o)
 .data          0x008106bc        0x0 c:/altera/13.0sp1/nios2eds/bin/gnu/h-i686-mingw32/bin/../lib/gcc/nios2-elf/4.1.2/../../../../nios2-elf/lib/mno-hw-mul\libc.a(lib_a-lseekr.o)
 .data          0x008106bc        0x0 c:/altera/13.0sp1/nios2eds/bin/gnu/h-i686-mingw32/bin/../lib/gcc/nios2-elf/4.1.2/../../../../nios2-elf/lib/mno-hw-mul\libc.a(lib_a-readr.o)
 .data          0x008106bc        0x0 c:/altera/13.0sp1/nios2eds/bin/gnu/h-i686-mingw32/bin/../lib/gcc/nios2-elf/4.1.2/mno-hw-mul\libgcc.a(lib2-mul.o)
 .data          0x008106bc        0x0 ../de1_ucosii_tutorial_bsp/\libucosii_bsp.a(alt_close.o)
 .data          0x008106bc      0x1a8 ../de1_ucosii_tutorial_bsp/\libucosii_bsp.a(alt_dev.o)
                0x008106bc                alt_dev_null
                0x008106e4                alt_fd_list
 .data          0x00810864        0x0 ../de1_ucosii_tutorial_bsp/\libucosii_bsp.a(alt_errno.o)
 .data          0x00810864        0x0 ../de1_ucosii_tutorial_bsp/\libucosii_bsp.a(alt_fstat.o)
 .data          0x00810864        0x0 ../de1_ucosii_tutorial_bsp/\libucosii_bsp.a(alt_isatty.o)
 .data          0x00810864        0x0 ../de1_ucosii_tutorial_bsp/\libucosii_bsp.a(alt_load.o)
 .data          0x00810864        0x0 ../de1_ucosii_tutorial_bsp/\libucosii_bsp.a(alt_lseek.o)
 .data          0x00810864        0x0 ../de1_ucosii_tutorial_bsp/\libucosii_bsp.a(alt_main.o)
 .data          0x00810864        0x0 ../de1_ucosii_tutorial_bsp/\libucosii_bsp.a(alt_read.o)
 .data          0x00810864        0x0 ../de1_ucosii_tutorial_bsp/\libucosii_bsp.a(alt_release_fd.o)
 .data          0x00810864        0x0 ../de1_ucosii_tutorial_bsp/\libucosii_bsp.a(alt_sbrk.o)
 .data          0x00810864        0x0 ../de1_ucosii_tutorial_bsp/\libucosii_bsp.a(alt_write.o)
 .data          0x00810864        0x0 ../de1_ucosii_tutorial_bsp/\libucosii_bsp.a(alt_env_lock.o)
 .data          0x00810864        0x0 ../de1_ucosii_tutorial_bsp/\libucosii_bsp.a(alt_malloc_lock.o)
 .data          0x00810864        0x0 ../de1_ucosii_tutorial_bsp/\libucosii_bsp.a(os_core.o)
 .data          0x00810864        0x0 ../de1_ucosii_tutorial_bsp/\libucosii_bsp.a(os_dbg.o)
 .data          0x00810864        0x0 ../de1_ucosii_tutorial_bsp/\libucosii_bsp.a(os_flag.o)
 .data          0x00810864        0x0 ../de1_ucosii_tutorial_bsp/\libucosii_bsp.a(os_mem.o)
 .data          0x00810864        0x0 ../de1_ucosii_tutorial_bsp/\libucosii_bsp.a(os_q.o)
 .data          0x00810864        0x0 ../de1_ucosii_tutorial_bsp/\libucosii_bsp.a(os_sem.o)
 .data          0x00810864        0x0 ../de1_ucosii_tutorial_bsp/\libucosii_bsp.a(os_task.o)
 .data          0x00810864        0x0 ../de1_ucosii_tutorial_bsp/\libucosii_bsp.a(os_time.o)
 .data          0x00810864     0x106c ../de1_ucosii_tutorial_bsp/\libucosii_bsp.a(alt_sys_init.o)
 .data          0x008118d0        0x0 ../de1_ucosii_tutorial_bsp/\libucosii_bsp.a(altera_avalon_jtag_uart_fd.o)
 .data          0x008118d0        0x0 ../de1_ucosii_tutorial_bsp/\libucosii_bsp.a(altera_avalon_jtag_uart_init.o)
 .data          0x008118d0        0x0 ../de1_ucosii_tutorial_bsp/\libucosii_bsp.a(altera_avalon_jtag_uart_ioctl.o)
 .data          0x008118d0        0x0 ../de1_ucosii_tutorial_bsp/\libucosii_bsp.a(altera_avalon_jtag_uart_read.o)
 .data          0x008118d0        0x0 ../de1_ucosii_tutorial_bsp/\libucosii_bsp.a(altera_avalon_jtag_uart_write.o)
 .data          0x008118d0        0x0 ../de1_ucosii_tutorial_bsp/\libucosii_bsp.a(altera_avalon_timer_sc.o)
 .data          0x008118d0        0x0 ../de1_ucosii_tutorial_bsp/\libucosii_bsp.a(alt_alarm_start.o)
 .data          0x008118d0        0x0 ../de1_ucosii_tutorial_bsp/\libucosii_bsp.a(alt_dcache_flush_all.o)
 .data          0x008118d0        0x0 ../de1_ucosii_tutorial_bsp/\libucosii_bsp.a(alt_dev_llist_insert.o)
 .data          0x008118d0        0x0 ../de1_ucosii_tutorial_bsp/\libucosii_bsp.a(alt_do_ctors.o)
 .data          0x008118d0        0x0 ../de1_ucosii_tutorial_bsp/\libucosii_bsp.a(alt_do_dtors.o)
 .data          0x008118d0        0x0 ../de1_ucosii_tutorial_bsp/\libucosii_bsp.a(alt_icache_flush_all.o)
 .data          0x008118d0        0x0 ../de1_ucosii_tutorial_bsp/\libucosii_bsp.a(alt_iic.o)
 .data          0x008118d0        0x0 ../de1_ucosii_tutorial_bsp/\libucosii_bsp.a(alt_iic_isr_register.o)
 .data          0x008118d0        0x0 ../de1_ucosii_tutorial_bsp/\libucosii_bsp.a(alt_io_redirect.o)
 .data          0x008118d0        0x0 ../de1_ucosii_tutorial_bsp/\libucosii_bsp.a(alt_irq_entry.o)
 .data          0x008118d0        0x0 ../de1_ucosii_tutorial_bsp/\libucosii_bsp.a(alt_irq_handler.o)
 .data          0x008118d0        0x0 ../de1_ucosii_tutorial_bsp/\libucosii_bsp.a(alt_irq_vars.o)
 .data          0x008118d0        0x0 ../de1_ucosii_tutorial_bsp/\libucosii_bsp.a(alt_open.o)
 .data          0x008118d0        0x0 ../de1_ucosii_tutorial_bsp/\libucosii_bsp.a(alt_tick.o)
 .data          0x008118d0        0x0 ../de1_ucosii_tutorial_bsp/\libucosii_bsp.a(altera_nios2_qsys_irq.o)
 .data          0x008118d0        0x0 ../de1_ucosii_tutorial_bsp/\libucosii_bsp.a(os_cpu_a.o)
 .data          0x008118d0        0x0 ../de1_ucosii_tutorial_bsp/\libucosii_bsp.a(os_cpu_c.o)
 .data          0x008118d0        0x0 ../de1_ucosii_tutorial_bsp/\libucosii_bsp.a(alt_exception_entry.o)
 .data          0x008118d0        0x0 ../de1_ucosii_tutorial_bsp/\libucosii_bsp.a(alt_find_dev.o)
 .data          0x008118d0        0x0 ../de1_ucosii_tutorial_bsp/\libucosii_bsp.a(alt_find_file.o)
 .data          0x008118d0        0x0 ../de1_ucosii_tutorial_bsp/\libucosii_bsp.a(alt_get_fd.o)
 .data          0x008118d0        0x0 c:/altera/13.0sp1/nios2eds/bin/gnu/h-i686-mingw32/bin/../lib/gcc/nios2-elf/4.1.2/../../../../nios2-elf/lib/mno-hw-mul\libc.a(lib_a-atexit.o)
 .data          0x008118d0        0x0 c:/altera/13.0sp1/nios2eds/bin/gnu/h-i686-mingw32/bin/../lib/gcc/nios2-elf/4.1.2/../../../../nios2-elf/lib/mno-hw-mul\libc.a(lib_a-exit.o)
 .data          0x008118d0        0x0 c:/altera/13.0sp1/nios2eds/bin/gnu/h-i686-mingw32/bin/../lib/gcc/nios2-elf/4.1.2/../../../../nios2-elf/lib/mno-hw-mul\libc.a(lib_a-memcmp.o)
 .data          0x008118d0        0x0 c:/altera/13.0sp1/nios2eds/bin/gnu/h-i686-mingw32/bin/../lib/gcc/nios2-elf/4.1.2/../../../../nios2-elf/lib/mno-hw-mul\libc.a(lib_a-__atexit.o)
 .data          0x008118d0        0x0 c:/altera/13.0sp1/nios2eds/bin/gnu/h-i686-mingw32/bin/../lib/gcc/nios2-elf/4.1.2/../../../../nios2-elf/lib/mno-hw-mul\libc.a(lib_a-__call_atexit.o)
 .data          0x008118d0        0x0 c:/altera/13.0sp1/nios2eds/bin/gnu/h-i686-mingw32/bin/../lib/gcc/nios2-elf/4.1.2/mno-hw-mul\libgcc.a(_fixunsdfsi.o)
 .data          0x008118d0        0x0 c:/altera/13.0sp1/nios2eds/bin/gnu/h-i686-mingw32/bin/../lib/gcc/nios2-elf/4.1.2/mno-hw-mul\libgcc.a(_addsub_df.o)
 .data          0x008118d0        0x0 c:/altera/13.0sp1/nios2eds/bin/gnu/h-i686-mingw32/bin/../lib/gcc/nios2-elf/4.1.2/mno-hw-mul\libgcc.a(_mul_df.o)
 .data          0x008118d0        0x0 c:/altera/13.0sp1/nios2eds/bin/gnu/h-i686-mingw32/bin/../lib/gcc/nios2-elf/4.1.2/mno-hw-mul\libgcc.a(_div_df.o)
 .data          0x008118d0        0x0 c:/altera/13.0sp1/nios2eds/bin/gnu/h-i686-mingw32/bin/../lib/gcc/nios2-elf/4.1.2/mno-hw-mul\libgcc.a(_ge_df.o)
 .data          0x008118d0        0x0 c:/altera/13.0sp1/nios2eds/bin/gnu/h-i686-mingw32/bin/../lib/gcc/nios2-elf/4.1.2/mno-hw-mul\libgcc.a(_df_to_si.o)
 .data          0x008118d0        0x0 c:/altera/13.0sp1/nios2eds/bin/gnu/h-i686-mingw32/bin/../lib/gcc/nios2-elf/4.1.2/mno-hw-mul\libgcc.a(_thenan_df.o)
 .data          0x008118d0        0x0 c:/altera/13.0sp1/nios2eds/bin/gnu/h-i686-mingw32/bin/../lib/gcc/nios2-elf/4.1.2/mno-hw-mul\libgcc.a(_usi_to_df.o)
 .data          0x008118d0        0x0 c:/altera/13.0sp1/nios2eds/bin/gnu/h-i686-mingw32/bin/../lib/gcc/nios2-elf/4.1.2/mno-hw-mul\libgcc.a(lib2-divmod.o)
 .data          0x008118d0        0x0 c:/altera/13.0sp1/nios2eds/bin/gnu/h-i686-mingw32/bin/../lib/gcc/nios2-elf/4.1.2/mno-hw-mul\libgcc.a(_muldi3.o)
 .data          0x008118d0        0x0 c:/altera/13.0sp1/nios2eds/bin/gnu/h-i686-mingw32/bin/../lib/gcc/nios2-elf/4.1.2/mno-hw-mul\libgcc.a(_clzsi2.o)
 .data          0x008118d0        0x0 c:/altera/13.0sp1/nios2eds/bin/gnu/h-i686-mingw32/bin/../lib/gcc/nios2-elf/4.1.2/mno-hw-mul\libgcc.a(_pack_df.o)
 .data          0x008118d0        0x0 c:/altera/13.0sp1/nios2eds/bin/gnu/h-i686-mingw32/bin/../lib/gcc/nios2-elf/4.1.2/mno-hw-mul\libgcc.a(_unpack_df.o)
 .data          0x008118d0        0x0 c:/altera/13.0sp1/nios2eds/bin/gnu/h-i686-mingw32/bin/../lib/gcc/nios2-elf/4.1.2/mno-hw-mul\libgcc.a(_fpcmp_parts_df.o)
 .data          0x008118d0        0x0 c:/altera/13.0sp1/nios2eds/bin/gnu/h-i686-mingw32/bin/../lib/gcc/nios2-elf/4.1.2/mno-hw-mul\libgcc.a(_clz.o)
 .data          0x008118d0        0x0 ../de1_ucosii_tutorial_bsp/\libucosii_bsp.a(alt_exit.o)
                0x008198d0                _gp = ABSOLUTE ((. + 0x8000))
                0x008198d0                PROVIDE (gp, _gp)
 *(.rwdata .rwdata.*)
 *(.sdata .sdata.* .gnu.linkonce.s.*)
 .sdata         0x008118d0        0x8 c:/altera/13.0sp1/nios2eds/bin/gnu/h-i686-mingw32/bin/../lib/gcc/nios2-elf/4.1.2/../../../../nios2-elf/lib/mno-hw-mul\libc.a(lib_a-impure.o)
                0x008118d0                _impure_ptr
                0x008118d4                _global_impure_ptr
 .sdata         0x008118d8        0x8 c:/altera/13.0sp1/nios2eds/bin/gnu/h-i686-mingw32/bin/../lib/gcc/nios2-elf/4.1.2/../../../../nios2-elf/lib/mno-hw-mul\libc.a(lib_a-mallocr.o)
                0x008118d8                __malloc_trim_threshold
                0x008118dc                __malloc_sbrk_base
 .sdata         0x008118e0       0x14 ../de1_ucosii_tutorial_bsp/\libucosii_bsp.a(alt_dev.o)
                0x008118e0                alt_fs_list
                0x008118e8                alt_dev_list
                0x008118f0                alt_max_fd
 .sdata         0x008118f4        0x4 ../de1_ucosii_tutorial_bsp/\libucosii_bsp.a(alt_errno.o)
                0x008118f4                alt_errno
 .sdata         0x008118f8        0x4 ../de1_ucosii_tutorial_bsp/\libucosii_bsp.a(alt_sbrk.o)
 .sdata         0x008118fc        0x4 ../de1_ucosii_tutorial_bsp/\libucosii_bsp.a(alt_env_lock.o)
 .sdata         0x00811900        0x4 ../de1_ucosii_tutorial_bsp/\libucosii_bsp.a(alt_malloc_lock.o)
 .sdata         0x00811904       0x74 ../de1_ucosii_tutorial_bsp/\libucosii_bsp.a(os_dbg.o)
                0x00811904                OSDebugEn
                0x00811908                OSEndiannessTest
                0x0081190c                OSEventEn
                0x0081190e                OSEventMax
                0x00811910                OSEventNameSize
                0x00811912                OSEventSize
                0x00811914                OSEventTblSize
                0x00811916                OSEventMultiEn
                0x00811918                OSFlagEn
                0x0081191a                OSFlagGrpSize
                0x0081191c                OSFlagNodeSize
                0x0081191e                OSFlagWidth
                0x00811920                OSFlagMax
                0x00811922                OSFlagNameSize
                0x00811924                OSLowestPrio
                0x00811926                OSMboxEn
                0x00811928                OSMemEn
                0x0081192a                OSMemMax
                0x0081192c                OSMemNameSize
                0x0081192e                OSMemSize
                0x00811930                OSMemTblSize
                0x00811932                OSMutexEn
                0x00811934                OSPtrSize
                0x00811936                OSQEn
                0x00811938                OSQMax
                0x0081193a                OSQSize
                0x0081193c                OSRdyTblSize
                0x0081193e                OSSemEn
                0x00811940                OSStkWidth
                0x00811942                OSTaskCreateEn
                0x00811944                OSTaskCreateExtEn
                0x00811946                OSTaskDelEn
                0x00811948                OSTaskIdleStkSize
                0x0081194a                OSTaskProfileEn
                0x0081194c                OSTaskMax
                0x0081194e                OSTaskNameSize
                0x00811950                OSTaskStatEn
                0x00811952                OSTaskStatStkSize
                0x00811954                OSTaskStatStkChkEn
                0x00811956                OSTaskSwHookEn
                0x00811958                OSTCBPrioTblMax
                0x0081195a                OSTCBSize
                0x0081195c                OSTicksPerSec
                0x0081195e                OSTimeTickHookEn
                0x00811960                OSVersionNbr
                0x00811962                OSTmrEn
                0x00811964                OSTmrCfgMax
                0x00811966                OSTmrCfgNameSize
                0x00811968                OSTmrCfgWheelSize
                0x0081196a                OSTmrCfgTicksPerSec
                0x0081196c                OSTmrSize
                0x0081196e                OSTmrTblSize
                0x00811970                OSTmrWheelSize
                0x00811972                OSTmrWheelTblSize
                0x00811974                OSDataSize
 .sdata         0x00811978        0x4 ../de1_ucosii_tutorial_bsp/\libucosii_bsp.a(alt_irq_vars.o)
                0x00811978                alt_priority_mask
 .sdata         0x0081197c        0x8 ../de1_ucosii_tutorial_bsp/\libucosii_bsp.a(alt_tick.o)
                0x0081197c                alt_alarm_list
 *(.sdata2 .sdata2.* .gnu.linkonce.s2.*)
                0x00811984                . = ALIGN (0x4)
                0x00811984                _edata = ABSOLUTE (.)
                0x00811984                PROVIDE (edata, ABSOLUTE (.))
                0x00811984                PROVIDE (__ram_rwdata_end, ABSOLUTE (.))
                0x00811984                PROVIDE (__flash_rwdata_start, LOADADDR (.rwdata))

.bss            0x00813454     0x7568
                0x00813454                __bss_start = ABSOLUTE (.)
                0x00813454                PROVIDE (__sbss_start, ABSOLUTE (.))
                0x00813454                PROVIDE (___sbss_start, ABSOLUTE (.))
 *(.dynsbss)
 *(.sbss .sbss.* .gnu.linkonce.sb.*)
 .sbss          0x00813454        0xc c:/altera/13.0sp1/nios2eds/bin/gnu/h-i686-mingw32/bin/../lib/gcc/nios2-elf/4.1.2/../../../../nios2-elf/lib/mno-hw-mul\libc.a(lib_a-mallocr.o)
                0x00813454                __malloc_top_pad
                0x00813458                __malloc_max_sbrked_mem
                0x0081345c                __malloc_max_total_mem
 .sbss          0x00813460        0x4 c:/altera/13.0sp1/nios2eds/bin/gnu/h-i686-mingw32/bin/../lib/gcc/nios2-elf/4.1.2/../../../../nios2-elf/lib/mno-hw-mul\libc.a(lib_a-int_errno.o)
                0x00813460                errno
 .sbss          0x00813464        0x4 ../de1_ucosii_tutorial_bsp/\libucosii_bsp.a(alt_dev.o)
                0x00813464                alt_fd_list_lock
 .sbss          0x00813468        0xc ../de1_ucosii_tutorial_bsp/\libucosii_bsp.a(alt_main.o)
                0x00813468                alt_argc
                0x0081346c                alt_argv
                0x00813470                alt_envp
 .sbss          0x00813474        0x8 ../de1_ucosii_tutorial_bsp/\libucosii_bsp.a(alt_env_lock.o)
                0x00813478                alt_envsem
 .sbss          0x0081347c        0x8 ../de1_ucosii_tutorial_bsp/\libucosii_bsp.a(alt_malloc_lock.o)
                0x00813480                alt_heapsem
 .sbss          0x00813484       0x50 ../de1_ucosii_tutorial_bsp/\libucosii_bsp.a(os_core.o)
                0x00813484                OSLockNesting
                0x00813485                OSRunning
                0x00813488                OSIdleCtr
                0x0081348c                OSPrioHighRdy
                0x0081348d                OSPrioCur
                0x00813490                OSTCBList
                0x00813494                OSTickStepState
                0x00813498                OSCtxSwCtr
                0x0081349c                OSIdleCtrMax
                0x008134a0                OSTCBFreeList
                0x008134a4                OSCPUUsage
                0x008134a5                OSTaskCtr
                0x008134a8                OSMemFreeList
                0x008134ac                OSTCBHighRdy
                0x008134b0                OSQFreeList
                0x008134b4                OSRdyGrp
                0x008134b5                OSRdyTbl
                0x008134b8                OSEventFreeList
                0x008134bc                OSIntNesting
                0x008134c0                OSTCBCur
                0x008134c4                OSTime
                0x008134c8                OSFlagFreeList
                0x008134cc                OSStatRdy
                0x008134d0                OSIdleCtrRun
 .sbss          0x008134d4        0x4 ../de1_ucosii_tutorial_bsp/\libucosii_bsp.a(alt_irq_vars.o)
                0x008134d4                alt_irq_active
 .sbss          0x008134d8        0x8 ../de1_ucosii_tutorial_bsp/\libucosii_bsp.a(alt_tick.o)
                0x008134d8                _alt_tick_rate
                0x008134dc                _alt_nticks
 *(.sbss2 .sbss2.* .gnu.linkonce.sb2.*)
 *(.scommon)
                0x008134e0                PROVIDE (__sbss_end, ABSOLUTE (.))
                0x008134e0                PROVIDE (___sbss_end, ABSOLUTE (.))
 *(.dynbss)
 *(.bss .bss.* .gnu.linkonce.b.*)
 .bss           0x008134e0        0x0 ../de1_ucosii_tutorial_bsp//obj/HAL/src/crt0.o
 .bss           0x008134e0        0x0 obj/default/hello_ucosii.o
 .bss           0x008134e0        0x0 c:/altera/13.0sp1/nios2eds/bin/gnu/h-i686-mingw32/bin/../lib/gcc/nios2-elf/4.1.2/../../../../nios2-elf/lib/mno-hw-mul\libc.a(lib_a-puts.o)
 .bss           0x008134e0        0x0 c:/altera/13.0sp1/nios2eds/bin/gnu/h-i686-mingw32/bin/../lib/gcc/nios2-elf/4.1.2/../../../../nios2-elf/lib/mno-hw-mul\libc.a(lib_a-strlen.o)
 .bss           0x008134e0        0x0 c:/altera/13.0sp1/nios2eds/bin/gnu/h-i686-mingw32/bin/../lib/gcc/nios2-elf/4.1.2/../../../../nios2-elf/lib/mno-hw-mul\libc.a(lib_a-fvwrite.o)
 .bss           0x008134e0        0x0 c:/altera/13.0sp1/nios2eds/bin/gnu/h-i686-mingw32/bin/../lib/gcc/nios2-elf/4.1.2/../../../../nios2-elf/lib/mno-hw-mul\libc.a(lib_a-impure.o)
 .bss           0x008134e0       0x28 c:/altera/13.0sp1/nios2eds/bin/gnu/h-i686-mingw32/bin/../lib/gcc/nios2-elf/4.1.2/../../../../nios2-elf/lib/mno-hw-mul\libc.a(lib_a-mallocr.o)
                0x008134e0                __malloc_current_mallinfo
 .bss           0x00813508        0x0 c:/altera/13.0sp1/nios2eds/bin/gnu/h-i686-mingw32/bin/../lib/gcc/nios2-elf/4.1.2/../../../../nios2-elf/lib/mno-hw-mul\libc.a(lib_a-memchr.o)
 .bss           0x00813508        0x0 c:/altera/13.0sp1/nios2eds/bin/gnu/h-i686-mingw32/bin/../lib/gcc/nios2-elf/4.1.2/../../../../nios2-elf/lib/mno-hw-mul\libc.a(lib_a-memcpy.o)
 .bss           0x00813508        0x0 c:/altera/13.0sp1/nios2eds/bin/gnu/h-i686-mingw32/bin/../lib/gcc/nios2-elf/4.1.2/../../../../nios2-elf/lib/mno-hw-mul\libc.a(lib_a-memmove.o)
 .bss           0x00813508        0x0 c:/altera/13.0sp1/nios2eds/bin/gnu/h-i686-mingw32/bin/../lib/gcc/nios2-elf/4.1.2/../../../../nios2-elf/lib/mno-hw-mul\libc.a(lib_a-reallocr.o)
 .bss           0x00813508        0x0 c:/altera/13.0sp1/nios2eds/bin/gnu/h-i686-mingw32/bin/../lib/gcc/nios2-elf/4.1.2/../../../../nios2-elf/lib/mno-hw-mul\libc.a(lib_a-sbrkr.o)
 .bss           0x00813508        0x0 c:/altera/13.0sp1/nios2eds/bin/gnu/h-i686-mingw32/bin/../lib/gcc/nios2-elf/4.1.2/../../../../nios2-elf/lib/mno-hw-mul\libc.a(lib_a-wsetup.o)
 .bss           0x00813508        0x0 c:/altera/13.0sp1/nios2eds/bin/gnu/h-i686-mingw32/bin/../lib/gcc/nios2-elf/4.1.2/../../../../nios2-elf/lib/mno-hw-mul\libc.a(lib_a-fflush.o)
 .bss           0x00813508        0x0 c:/altera/13.0sp1/nios2eds/bin/gnu/h-i686-mingw32/bin/../lib/gcc/nios2-elf/4.1.2/../../../../nios2-elf/lib/mno-hw-mul\libc.a(lib_a-findfp.o)
 .bss           0x00813508        0x0 c:/altera/13.0sp1/nios2eds/bin/gnu/h-i686-mingw32/bin/../lib/gcc/nios2-elf/4.1.2/../../../../nios2-elf/lib/mno-hw-mul\libc.a(lib_a-freer.o)
 .bss           0x00813508        0x0 c:/altera/13.0sp1/nios2eds/bin/gnu/h-i686-mingw32/bin/../lib/gcc/nios2-elf/4.1.2/../../../../nios2-elf/lib/mno-hw-mul\libc.a(lib_a-fwalk.o)
 .bss           0x00813508        0x0 c:/altera/13.0sp1/nios2eds/bin/gnu/h-i686-mingw32/bin/../lib/gcc/nios2-elf/4.1.2/../../../../nios2-elf/lib/mno-hw-mul\libc.a(lib_a-int_errno.o)
 .bss           0x00813508        0x0 c:/altera/13.0sp1/nios2eds/bin/gnu/h-i686-mingw32/bin/../lib/gcc/nios2-elf/4.1.2/../../../../nios2-elf/lib/mno-hw-mul\libc.a(lib_a-makebuf.o)
 .bss           0x00813508        0x0 c:/altera/13.0sp1/nios2eds/bin/gnu/h-i686-mingw32/bin/../lib/gcc/nios2-elf/4.1.2/../../../../nios2-elf/lib/mno-hw-mul\libc.a(lib_a-memset.o)
 .bss           0x00813508        0x0 c:/altera/13.0sp1/nios2eds/bin/gnu/h-i686-mingw32/bin/../lib/gcc/nios2-elf/4.1.2/../../../../nios2-elf/lib/mno-hw-mul\libc.a(lib_a-stdio.o)
 .bss           0x00813508        0x0 c:/altera/13.0sp1/nios2eds/bin/gnu/h-i686-mingw32/bin/../lib/gcc/nios2-elf/4.1.2/../../../../nios2-elf/lib/mno-hw-mul\libc.a(lib_a-writer.o)
 .bss           0x00813508        0x0 c:/altera/13.0sp1/nios2eds/bin/gnu/h-i686-mingw32/bin/../lib/gcc/nios2-elf/4.1.2/../../../../nios2-elf/lib/mno-hw-mul\libc.a(lib_a-closer.o)
 .bss           0x00813508        0x0 c:/altera/13.0sp1/nios2eds/bin/gnu/h-i686-mingw32/bin/../lib/gcc/nios2-elf/4.1.2/../../../../nios2-elf/lib/mno-hw-mul\libc.a(lib_a-fclose.o)
 .bss           0x00813508        0x0 c:/altera/13.0sp1/nios2eds/bin/gnu/h-i686-mingw32/bin/../lib/gcc/nios2-elf/4.1.2/../../../../nios2-elf/lib/mno-hw-mul\libc.a(lib_a-fstatr.o)
 .bss           0x00813508        0x0 c:/altera/13.0sp1/nios2eds/bin/gnu/h-i686-mingw32/bin/../lib/gcc/nios2-elf/4.1.2/../../../../nios2-elf/lib/mno-hw-mul\libc.a(lib_a-isattyr.o)
 .bss           0x00813508        0x0 c:/altera/13.0sp1/nios2eds/bin/gnu/h-i686-mingw32/bin/../lib/gcc/nios2-elf/4.1.2/../../../../nios2-elf/lib/mno-hw-mul\libc.a(lib_a-lseekr.o)
 .bss           0x00813508        0x0 c:/altera/13.0sp1/nios2eds/bin/gnu/h-i686-mingw32/bin/../lib/gcc/nios2-elf/4.1.2/../../../../nios2-elf/lib/mno-hw-mul\libc.a(lib_a-readr.o)
 .bss           0x00813508        0x0 c:/altera/13.0sp1/nios2eds/bin/gnu/h-i686-mingw32/bin/../lib/gcc/nios2-elf/4.1.2/mno-hw-mul\libgcc.a(lib2-mul.o)
 .bss           0x00813508        0x0 ../de1_ucosii_tutorial_bsp/\libucosii_bsp.a(alt_close.o)
 .bss           0x00813508        0x0 ../de1_ucosii_tutorial_bsp/\libucosii_bsp.a(alt_dev.o)
 .bss           0x00813508        0x0 ../de1_ucosii_tutorial_bsp/\libucosii_bsp.a(alt_errno.o)
 .bss           0x00813508        0x0 ../de1_ucosii_tutorial_bsp/\libucosii_bsp.a(alt_fstat.o)
 .bss           0x00813508        0x0 ../de1_ucosii_tutorial_bsp/\libucosii_bsp.a(alt_isatty.o)
 .bss           0x00813508        0x0 ../de1_ucosii_tutorial_bsp/\libucosii_bsp.a(alt_load.o)
 .bss           0x00813508        0x0 ../de1_ucosii_tutorial_bsp/\libucosii_bsp.a(alt_lseek.o)
 .bss           0x00813508        0x0 ../de1_ucosii_tutorial_bsp/\libucosii_bsp.a(alt_main.o)
 .bss           0x00813508        0x0 ../de1_ucosii_tutorial_bsp/\libucosii_bsp.a(alt_read.o)
 .bss           0x00813508        0x0 ../de1_ucosii_tutorial_bsp/\libucosii_bsp.a(alt_release_fd.o)
 .bss           0x00813508        0x0 ../de1_ucosii_tutorial_bsp/\libucosii_bsp.a(alt_sbrk.o)
 .bss           0x00813508        0x0 ../de1_ucosii_tutorial_bsp/\libucosii_bsp.a(alt_write.o)
 .bss           0x00813508        0x0 ../de1_ucosii_tutorial_bsp/\libucosii_bsp.a(alt_env_lock.o)
 .bss           0x00813508        0x0 ../de1_ucosii_tutorial_bsp/\libucosii_bsp.a(alt_malloc_lock.o)
 .bss           0x00813508        0x0 ../de1_ucosii_tutorial_bsp/\libucosii_bsp.a(os_core.o)
 .bss           0x00813508        0x0 ../de1_ucosii_tutorial_bsp/\libucosii_bsp.a(os_dbg.o)
 .bss           0x00813508        0x0 ../de1_ucosii_tutorial_bsp/\libucosii_bsp.a(os_flag.o)
 .bss           0x00813508        0x0 ../de1_ucosii_tutorial_bsp/\libucosii_bsp.a(os_mem.o)
 .bss           0x00813508        0x0 ../de1_ucosii_tutorial_bsp/\libucosii_bsp.a(os_q.o)
 .bss           0x00813508        0x0 ../de1_ucosii_tutorial_bsp/\libucosii_bsp.a(os_sem.o)
 .bss           0x00813508        0x0 ../de1_ucosii_tutorial_bsp/\libucosii_bsp.a(os_task.o)
 .bss           0x00813508        0x0 ../de1_ucosii_tutorial_bsp/\libucosii_bsp.a(os_time.o)
 .bss           0x00813508        0x0 ../de1_ucosii_tutorial_bsp/\libucosii_bsp.a(alt_sys_init.o)
 .bss           0x00813508        0x0 ../de1_ucosii_tutorial_bsp/\libucosii_bsp.a(altera_avalon_jtag_uart_fd.o)
 .bss           0x00813508        0x0 ../de1_ucosii_tutorial_bsp/\libucosii_bsp.a(altera_avalon_jtag_uart_init.o)
 .bss           0x00813508        0x0 ../de1_ucosii_tutorial_bsp/\libucosii_bsp.a(altera_avalon_jtag_uart_ioctl.o)
 .bss           0x00813508        0x0 ../de1_ucosii_tutorial_bsp/\libucosii_bsp.a(altera_avalon_jtag_uart_read.o)
 .bss           0x00813508        0x0 ../de1_ucosii_tutorial_bsp/\libucosii_bsp.a(altera_avalon_jtag_uart_write.o)
 .bss           0x00813508        0x0 ../de1_ucosii_tutorial_bsp/\libucosii_bsp.a(altera_avalon_timer_sc.o)
 .bss           0x00813508        0x0 ../de1_ucosii_tutorial_bsp/\libucosii_bsp.a(alt_alarm_start.o)
 .bss           0x00813508        0x0 ../de1_ucosii_tutorial_bsp/\libucosii_bsp.a(alt_dcache_flush_all.o)
 .bss           0x00813508        0x0 ../de1_ucosii_tutorial_bsp/\libucosii_bsp.a(alt_dev_llist_insert.o)
 .bss           0x00813508        0x0 ../de1_ucosii_tutorial_bsp/\libucosii_bsp.a(alt_do_ctors.o)
 .bss           0x00813508        0x0 ../de1_ucosii_tutorial_bsp/\libucosii_bsp.a(alt_do_dtors.o)
 .bss           0x00813508        0x0 ../de1_ucosii_tutorial_bsp/\libucosii_bsp.a(alt_icache_flush_all.o)
 .bss           0x00813508        0x0 ../de1_ucosii_tutorial_bsp/\libucosii_bsp.a(alt_iic.o)
 .bss           0x00813508        0x0 ../de1_ucosii_tutorial_bsp/\libucosii_bsp.a(alt_iic_isr_register.o)
 .bss           0x00813508        0x0 ../de1_ucosii_tutorial_bsp/\libucosii_bsp.a(alt_io_redirect.o)
 .bss           0x00813508        0x0 ../de1_ucosii_tutorial_bsp/\libucosii_bsp.a(alt_irq_entry.o)
 .bss           0x00813508        0x0 ../de1_ucosii_tutorial_bsp/\libucosii_bsp.a(alt_irq_handler.o)
 .bss           0x00813508        0x0 ../de1_ucosii_tutorial_bsp/\libucosii_bsp.a(alt_irq_vars.o)
 .bss           0x00813508        0x0 ../de1_ucosii_tutorial_bsp/\libucosii_bsp.a(alt_open.o)
 .bss           0x00813508        0x0 ../de1_ucosii_tutorial_bsp/\libucosii_bsp.a(alt_tick.o)
 .bss           0x00813508        0x0 ../de1_ucosii_tutorial_bsp/\libucosii_bsp.a(altera_nios2_qsys_irq.o)
 .bss           0x00813508        0x0 ../de1_ucosii_tutorial_bsp/\libucosii_bsp.a(os_cpu_a.o)
 .bss           0x00813508        0x0 ../de1_ucosii_tutorial_bsp/\libucosii_bsp.a(os_cpu_c.o)
 .bss           0x00813508        0x0 ../de1_ucosii_tutorial_bsp/\libucosii_bsp.a(alt_exception_entry.o)
 .bss           0x00813508        0x0 ../de1_ucosii_tutorial_bsp/\libucosii_bsp.a(alt_find_dev.o)
 .bss           0x00813508        0x0 ../de1_ucosii_tutorial_bsp/\libucosii_bsp.a(alt_find_file.o)
 .bss           0x00813508        0x0 ../de1_ucosii_tutorial_bsp/\libucosii_bsp.a(alt_get_fd.o)
 .bss           0x00813508        0x0 c:/altera/13.0sp1/nios2eds/bin/gnu/h-i686-mingw32/bin/../lib/gcc/nios2-elf/4.1.2/../../../../nios2-elf/lib/mno-hw-mul\libc.a(lib_a-atexit.o)
 .bss           0x00813508        0x0 c:/altera/13.0sp1/nios2eds/bin/gnu/h-i686-mingw32/bin/../lib/gcc/nios2-elf/4.1.2/../../../../nios2-elf/lib/mno-hw-mul\libc.a(lib_a-exit.o)
 .bss           0x00813508        0x0 c:/altera/13.0sp1/nios2eds/bin/gnu/h-i686-mingw32/bin/../lib/gcc/nios2-elf/4.1.2/../../../../nios2-elf/lib/mno-hw-mul\libc.a(lib_a-memcmp.o)
 .bss           0x00813508        0x0 c:/altera/13.0sp1/nios2eds/bin/gnu/h-i686-mingw32/bin/../lib/gcc/nios2-elf/4.1.2/../../../../nios2-elf/lib/mno-hw-mul\libc.a(lib_a-__atexit.o)
 .bss           0x00813508        0x0 c:/altera/13.0sp1/nios2eds/bin/gnu/h-i686-mingw32/bin/../lib/gcc/nios2-elf/4.1.2/../../../../nios2-elf/lib/mno-hw-mul\libc.a(lib_a-__call_atexit.o)
 .bss           0x00813508        0x0 c:/altera/13.0sp1/nios2eds/bin/gnu/h-i686-mingw32/bin/../lib/gcc/nios2-elf/4.1.2/mno-hw-mul\libgcc.a(_fixunsdfsi.o)
 .bss           0x00813508        0x0 c:/altera/13.0sp1/nios2eds/bin/gnu/h-i686-mingw32/bin/../lib/gcc/nios2-elf/4.1.2/mno-hw-mul\libgcc.a(_addsub_df.o)
 .bss           0x00813508        0x0 c:/altera/13.0sp1/nios2eds/bin/gnu/h-i686-mingw32/bin/../lib/gcc/nios2-elf/4.1.2/mno-hw-mul\libgcc.a(_mul_df.o)
 .bss           0x00813508        0x0 c:/altera/13.0sp1/nios2eds/bin/gnu/h-i686-mingw32/bin/../lib/gcc/nios2-elf/4.1.2/mno-hw-mul\libgcc.a(_div_df.o)
 .bss           0x00813508        0x0 c:/altera/13.0sp1/nios2eds/bin/gnu/h-i686-mingw32/bin/../lib/gcc/nios2-elf/4.1.2/mno-hw-mul\libgcc.a(_ge_df.o)
 .bss           0x00813508        0x0 c:/altera/13.0sp1/nios2eds/bin/gnu/h-i686-mingw32/bin/../lib/gcc/nios2-elf/4.1.2/mno-hw-mul\libgcc.a(_df_to_si.o)
 .bss           0x00813508        0x0 c:/altera/13.0sp1/nios2eds/bin/gnu/h-i686-mingw32/bin/../lib/gcc/nios2-elf/4.1.2/mno-hw-mul\libgcc.a(_thenan_df.o)
 .bss           0x00813508        0x0 c:/altera/13.0sp1/nios2eds/bin/gnu/h-i686-mingw32/bin/../lib/gcc/nios2-elf/4.1.2/mno-hw-mul\libgcc.a(_usi_to_df.o)
 .bss           0x00813508        0x0 c:/altera/13.0sp1/nios2eds/bin/gnu/h-i686-mingw32/bin/../lib/gcc/nios2-elf/4.1.2/mno-hw-mul\libgcc.a(lib2-divmod.o)
 .bss           0x00813508        0x0 c:/altera/13.0sp1/nios2eds/bin/gnu/h-i686-mingw32/bin/../lib/gcc/nios2-elf/4.1.2/mno-hw-mul\libgcc.a(_muldi3.o)
 .bss           0x00813508        0x0 c:/altera/13.0sp1/nios2eds/bin/gnu/h-i686-mingw32/bin/../lib/gcc/nios2-elf/4.1.2/mno-hw-mul\libgcc.a(_clzsi2.o)
 .bss           0x00813508        0x0 c:/altera/13.0sp1/nios2eds/bin/gnu/h-i686-mingw32/bin/../lib/gcc/nios2-elf/4.1.2/mno-hw-mul\libgcc.a(_pack_df.o)
 .bss           0x00813508        0x0 c:/altera/13.0sp1/nios2eds/bin/gnu/h-i686-mingw32/bin/../lib/gcc/nios2-elf/4.1.2/mno-hw-mul\libgcc.a(_unpack_df.o)
 .bss           0x00813508        0x0 c:/altera/13.0sp1/nios2eds/bin/gnu/h-i686-mingw32/bin/../lib/gcc/nios2-elf/4.1.2/mno-hw-mul\libgcc.a(_fpcmp_parts_df.o)
 .bss           0x00813508        0x0 c:/altera/13.0sp1/nios2eds/bin/gnu/h-i686-mingw32/bin/../lib/gcc/nios2-elf/4.1.2/mno-hw-mul\libgcc.a(_clz.o)
 .bss           0x00813508        0x0 ../de1_ucosii_tutorial_bsp/\libucosii_bsp.a(alt_exit.o)
 *(COMMON)
 COMMON         0x00813508     0x4000 obj/default/hello_ucosii.o
                0x00813508                task1_stk
                0x00815508                task2_stk
 COMMON         0x00817508     0x3224 ../de1_ucosii_tutorial_bsp/\libucosii_bsp.a(os_core.o)
                0x00817508                OSFlagTbl
                0x00817878                OSMemTbl
                0x008184a8                OSTaskStatStk
                0x00818ca8                OSQTbl
                0x00818e88                OSTaskIdleStk
                0x00819688                OSEventTbl
                0x0081a1c8                OSTCBTbl
                0x0081a6d8                OSTCBPrioTbl
 COMMON         0x0081a72c      0x100 ../de1_ucosii_tutorial_bsp/\libucosii_bsp.a(alt_irq_handler.o)
                0x0081a72c                alt_irq
 COMMON         0x0081a82c      0x190 c:/altera/13.0sp1/nios2eds/bin/gnu/h-i686-mingw32/bin/../lib/gcc/nios2-elf/4.1.2/../../../../nios2-elf/lib/mno-hw-mul\libc.a(lib_a-atexit.o)
                0x0081a82c                _atexit0
                0x0081a9bc                . = ALIGN (0x4)
                0x0081a9bc                __bss_end = ABSOLUTE (.)

.new_sdram_controller_0
                0x0081a9bc        0x0
                0x0081a9bc                PROVIDE (_alt_partition_new_sdram_controller_0_start, ABSOLUTE (.))
 *(.new_sdram_controller_0. new_sdram_controller_0.*)
                0x0081a9bc                . = ALIGN (0x4)
                0x0081a9bc                PROVIDE (_alt_partition_new_sdram_controller_0_end, ABSOLUTE (.))
                0x0081a9bc                _end = ABSOLUTE (.)
                0x0081a9bc                end = ABSOLUTE (.)
                0x0081a9bc                __alt_stack_base = ABSOLUTE (.)
                0x0081a9bc                PROVIDE (_alt_partition_new_sdram_controller_0_load_addr, LOADADDR (.new_sdram_controller_0))

.onchip_memory2_0
                0x01001000        0x0 load address 0x0081a9bc
                0x01001000                PROVIDE (_alt_partition_onchip_memory2_0_start, ABSOLUTE (.))
 *(.onchip_memory2_0. onchip_memory2_0.*)
                0x01001000                . = ALIGN (0x4)
                0x01001000                PROVIDE (_alt_partition_onchip_memory2_0_end, ABSOLUTE (.))
                0x0081a9bc                PROVIDE (_alt_partition_onchip_memory2_0_load_addr, LOADADDR (.onchip_memory2_0))

.stab
 *(.stab)

.stabstr
 *(.stabstr)

.stab.excl
 *(.stab.excl)

.stab.exclstr
 *(.stab.exclstr)

.stab.index
 *(.stab.index)

.stab.indexstr
 *(.stab.indexstr)

.comment        0x00000000       0x26
 *(.comment)
 .comment       0x00000000       0x26 obj/default/hello_ucosii.o
                                 0x27 (size before relaxing)
 .comment       0x00000000       0x27 c:/altera/13.0sp1/nios2eds/bin/gnu/h-i686-mingw32/bin/../lib/gcc/nios2-elf/4.1.2/../../../../nios2-elf/lib/mno-hw-mul\libc.a(lib_a-puts.o)
 .comment       0x00000000       0x27 c:/altera/13.0sp1/nios2eds/bin/gnu/h-i686-mingw32/bin/../lib/gcc/nios2-elf/4.1.2/../../../../nios2-elf/lib/mno-hw-mul\libc.a(lib_a-strlen.o)
 .comment       0x00000000       0x27 c:/altera/13.0sp1/nios2eds/bin/gnu/h-i686-mingw32/bin/../lib/gcc/nios2-elf/4.1.2/../../../../nios2-elf/lib/mno-hw-mul\libc.a(lib_a-fvwrite.o)
 .comment       0x00000000       0x27 c:/altera/13.0sp1/nios2eds/bin/gnu/h-i686-mingw32/bin/../lib/gcc/nios2-elf/4.1.2/../../../../nios2-elf/lib/mno-hw-mul\libc.a(lib_a-impure.o)
 .comment       0x00000000       0x27 c:/altera/13.0sp1/nios2eds/bin/gnu/h-i686-mingw32/bin/../lib/gcc/nios2-elf/4.1.2/../../../../nios2-elf/lib/mno-hw-mul\libc.a(lib_a-mallocr.o)
 .comment       0x00000000       0x27 c:/altera/13.0sp1/nios2eds/bin/gnu/h-i686-mingw32/bin/../lib/gcc/nios2-elf/4.1.2/../../../../nios2-elf/lib/mno-hw-mul\libc.a(lib_a-memchr.o)
 .comment       0x00000000       0x27 c:/altera/13.0sp1/nios2eds/bin/gnu/h-i686-mingw32/bin/../lib/gcc/nios2-elf/4.1.2/../../../../nios2-elf/lib/mno-hw-mul\libc.a(lib_a-memcpy.o)
 .comment       0x00000000       0x27 c:/altera/13.0sp1/nios2eds/bin/gnu/h-i686-mingw32/bin/../lib/gcc/nios2-elf/4.1.2/../../../../nios2-elf/lib/mno-hw-mul\libc.a(lib_a-memmove.o)
 .comment       0x00000000       0x27 c:/altera/13.0sp1/nios2eds/bin/gnu/h-i686-mingw32/bin/../lib/gcc/nios2-elf/4.1.2/../../../../nios2-elf/lib/mno-hw-mul\libc.a(lib_a-reallocr.o)
 .comment       0x00000000       0x27 c:/altera/13.0sp1/nios2eds/bin/gnu/h-i686-mingw32/bin/../lib/gcc/nios2-elf/4.1.2/../../../../nios2-elf/lib/mno-hw-mul\libc.a(lib_a-sbrkr.o)
 .comment       0x00000000       0x27 c:/altera/13.0sp1/nios2eds/bin/gnu/h-i686-mingw32/bin/../lib/gcc/nios2-elf/4.1.2/../../../../nios2-elf/lib/mno-hw-mul\libc.a(lib_a-wsetup.o)
 .comment       0x00000000       0x27 c:/altera/13.0sp1/nios2eds/bin/gnu/h-i686-mingw32/bin/../lib/gcc/nios2-elf/4.1.2/../../../../nios2-elf/lib/mno-hw-mul\libc.a(lib_a-fflush.o)
 .comment       0x00000000       0x27 c:/altera/13.0sp1/nios2eds/bin/gnu/h-i686-mingw32/bin/../lib/gcc/nios2-elf/4.1.2/../../../../nios2-elf/lib/mno-hw-mul\libc.a(lib_a-findfp.o)
 .comment       0x00000000       0x27 c:/altera/13.0sp1/nios2eds/bin/gnu/h-i686-mingw32/bin/../lib/gcc/nios2-elf/4.1.2/../../../../nios2-elf/lib/mno-hw-mul\libc.a(lib_a-freer.o)
 .comment       0x00000000       0x27 c:/altera/13.0sp1/nios2eds/bin/gnu/h-i686-mingw32/bin/../lib/gcc/nios2-elf/4.1.2/../../../../nios2-elf/lib/mno-hw-mul\libc.a(lib_a-fwalk.o)
 .comment       0x00000000       0x27 c:/altera/13.0sp1/nios2eds/bin/gnu/h-i686-mingw32/bin/../lib/gcc/nios2-elf/4.1.2/../../../../nios2-elf/lib/mno-hw-mul\libc.a(lib_a-int_errno.o)
 .comment       0x00000000       0x27 c:/altera/13.0sp1/nios2eds/bin/gnu/h-i686-mingw32/bin/../lib/gcc/nios2-elf/4.1.2/../../../../nios2-elf/lib/mno-hw-mul\libc.a(lib_a-makebuf.o)
 .comment       0x00000000       0x27 c:/altera/13.0sp1/nios2eds/bin/gnu/h-i686-mingw32/bin/../lib/gcc/nios2-elf/4.1.2/../../../../nios2-elf/lib/mno-hw-mul\libc.a(lib_a-memset.o)
 .comment       0x00000000       0x27 c:/altera/13.0sp1/nios2eds/bin/gnu/h-i686-mingw32/bin/../lib/gcc/nios2-elf/4.1.2/../../../../nios2-elf/lib/mno-hw-mul\libc.a(lib_a-stdio.o)
 .comment       0x00000000       0x27 c:/altera/13.0sp1/nios2eds/bin/gnu/h-i686-mingw32/bin/../lib/gcc/nios2-elf/4.1.2/../../../../nios2-elf/lib/mno-hw-mul\libc.a(lib_a-writer.o)
 .comment       0x00000000       0x27 c:/altera/13.0sp1/nios2eds/bin/gnu/h-i686-mingw32/bin/../lib/gcc/nios2-elf/4.1.2/../../../../nios2-elf/lib/mno-hw-mul\libc.a(lib_a-closer.o)
 .comment       0x00000000       0x27 c:/altera/13.0sp1/nios2eds/bin/gnu/h-i686-mingw32/bin/../lib/gcc/nios2-elf/4.1.2/../../../../nios2-elf/lib/mno-hw-mul\libc.a(lib_a-fclose.o)
 .comment       0x00000000       0x27 c:/altera/13.0sp1/nios2eds/bin/gnu/h-i686-mingw32/bin/../lib/gcc/nios2-elf/4.1.2/../../../../nios2-elf/lib/mno-hw-mul\libc.a(lib_a-fstatr.o)
 .comment       0x00000000       0x27 c:/altera/13.0sp1/nios2eds/bin/gnu/h-i686-mingw32/bin/../lib/gcc/nios2-elf/4.1.2/../../../../nios2-elf/lib/mno-hw-mul\libc.a(lib_a-isattyr.o)
 .comment       0x00000000       0x27 c:/altera/13.0sp1/nios2eds/bin/gnu/h-i686-mingw32/bin/../lib/gcc/nios2-elf/4.1.2/../../../../nios2-elf/lib/mno-hw-mul\libc.a(lib_a-lseekr.o)
 .comment       0x00000000       0x27 c:/altera/13.0sp1/nios2eds/bin/gnu/h-i686-mingw32/bin/../lib/gcc/nios2-elf/4.1.2/../../../../nios2-elf/lib/mno-hw-mul\libc.a(lib_a-readr.o)
 .comment       0x00000000       0x27 c:/altera/13.0sp1/nios2eds/bin/gnu/h-i686-mingw32/bin/../lib/gcc/nios2-elf/4.1.2/mno-hw-mul\libgcc.a(lib2-mul.o)
 .comment       0x00000000       0x27 ../de1_ucosii_tutorial_bsp/\libucosii_bsp.a(alt_close.o)
 .comment       0x00000000       0x27 ../de1_ucosii_tutorial_bsp/\libucosii_bsp.a(alt_dev.o)
 .comment       0x00000000       0x27 ../de1_ucosii_tutorial_bsp/\libucosii_bsp.a(alt_errno.o)
 .comment       0x00000000       0x27 ../de1_ucosii_tutorial_bsp/\libucosii_bsp.a(alt_fstat.o)
 .comment       0x00000000       0x27 ../de1_ucosii_tutorial_bsp/\libucosii_bsp.a(alt_isatty.o)
 .comment       0x00000000       0x27 ../de1_ucosii_tutorial_bsp/\libucosii_bsp.a(alt_load.o)
 .comment       0x00000000       0x27 ../de1_ucosii_tutorial_bsp/\libucosii_bsp.a(alt_lseek.o)
 .comment       0x00000000       0x27 ../de1_ucosii_tutorial_bsp/\libucosii_bsp.a(alt_main.o)
 .comment       0x00000000       0x27 ../de1_ucosii_tutorial_bsp/\libucosii_bsp.a(alt_read.o)
 .comment       0x00000000       0x27 ../de1_ucosii_tutorial_bsp/\libucosii_bsp.a(alt_release_fd.o)
 .comment       0x00000000       0x27 ../de1_ucosii_tutorial_bsp/\libucosii_bsp.a(alt_sbrk.o)
 .comment       0x00000000       0x27 ../de1_ucosii_tutorial_bsp/\libucosii_bsp.a(alt_write.o)
 .comment       0x00000000       0x27 ../de1_ucosii_tutorial_bsp/\libucosii_bsp.a(alt_env_lock.o)
 .comment       0x00000000       0x27 ../de1_ucosii_tutorial_bsp/\libucosii_bsp.a(alt_malloc_lock.o)
 .comment       0x00000000       0x27 ../de1_ucosii_tutorial_bsp/\libucosii_bsp.a(os_core.o)
 .comment       0x00000000       0x27 ../de1_ucosii_tutorial_bsp/\libucosii_bsp.a(os_dbg.o)
 .comment       0x00000000       0x27 ../de1_ucosii_tutorial_bsp/\libucosii_bsp.a(os_flag.o)
 .comment       0x00000000       0x27 ../de1_ucosii_tutorial_bsp/\libucosii_bsp.a(os_mem.o)
 .comment       0x00000000       0x27 ../de1_ucosii_tutorial_bsp/\libucosii_bsp.a(os_q.o)
 .comment       0x00000000       0x27 ../de1_ucosii_tutorial_bsp/\libucosii_bsp.a(os_sem.o)
 .comment       0x00000000       0x27 ../de1_ucosii_tutorial_bsp/\libucosii_bsp.a(os_task.o)
 .comment       0x00000000       0x27 ../de1_ucosii_tutorial_bsp/\libucosii_bsp.a(os_time.o)
 .comment       0x00000000       0x27 ../de1_ucosii_tutorial_bsp/\libucosii_bsp.a(alt_sys_init.o)
 .comment       0x00000000       0x27 ../de1_ucosii_tutorial_bsp/\libucosii_bsp.a(altera_avalon_jtag_uart_fd.o)
 .comment       0x00000000       0x27 ../de1_ucosii_tutorial_bsp/\libucosii_bsp.a(altera_avalon_jtag_uart_init.o)
 .comment       0x00000000       0x27 ../de1_ucosii_tutorial_bsp/\libucosii_bsp.a(altera_avalon_jtag_uart_ioctl.o)
 .comment       0x00000000       0x27 ../de1_ucosii_tutorial_bsp/\libucosii_bsp.a(altera_avalon_jtag_uart_read.o)
 .comment       0x00000000       0x27 ../de1_ucosii_tutorial_bsp/\libucosii_bsp.a(altera_avalon_jtag_uart_write.o)
 .comment       0x00000000       0x27 ../de1_ucosii_tutorial_bsp/\libucosii_bsp.a(altera_avalon_timer_sc.o)
 .comment       0x00000000       0x27 ../de1_ucosii_tutorial_bsp/\libucosii_bsp.a(alt_alarm_start.o)
 .comment       0x00000000       0x27 ../de1_ucosii_tutorial_bsp/\libucosii_bsp.a(alt_dcache_flush_all.o)
 .comment       0x00000000       0x27 ../de1_ucosii_tutorial_bsp/\libucosii_bsp.a(alt_dev_llist_insert.o)
 .comment       0x00000000       0x27 ../de1_ucosii_tutorial_bsp/\libucosii_bsp.a(alt_do_ctors.o)
 .comment       0x00000000       0x27 ../de1_ucosii_tutorial_bsp/\libucosii_bsp.a(alt_do_dtors.o)
 .comment       0x00000000       0x27 ../de1_ucosii_tutorial_bsp/\libucosii_bsp.a(alt_icache_flush_all.o)
 .comment       0x00000000       0x27 ../de1_ucosii_tutorial_bsp/\libucosii_bsp.a(alt_iic.o)
 .comment       0x00000000       0x27 ../de1_ucosii_tutorial_bsp/\libucosii_bsp.a(alt_iic_isr_register.o)
 .comment       0x00000000       0x27 ../de1_ucosii_tutorial_bsp/\libucosii_bsp.a(alt_io_redirect.o)
 .comment       0x00000000       0x27 ../de1_ucosii_tutorial_bsp/\libucosii_bsp.a(alt_irq_handler.o)
 .comment       0x00000000       0x27 ../de1_ucosii_tutorial_bsp/\libucosii_bsp.a(alt_irq_vars.o)
 .comment       0x00000000       0x27 ../de1_ucosii_tutorial_bsp/\libucosii_bsp.a(alt_open.o)
 .comment       0x00000000       0x27 ../de1_ucosii_tutorial_bsp/\libucosii_bsp.a(alt_tick.o)
 .comment       0x00000000       0x27 ../de1_ucosii_tutorial_bsp/\libucosii_bsp.a(altera_nios2_qsys_irq.o)
 .comment       0x00000000       0x27 ../de1_ucosii_tutorial_bsp/\libucosii_bsp.a(os_cpu_c.o)
 .comment       0x00000000       0x27 ../de1_ucosii_tutorial_bsp/\libucosii_bsp.a(alt_find_dev.o)
 .comment       0x00000000       0x27 ../de1_ucosii_tutorial_bsp/\libucosii_bsp.a(alt_find_file.o)
 .comment       0x00000000       0x27 ../de1_ucosii_tutorial_bsp/\libucosii_bsp.a(alt_get_fd.o)
 .comment       0x00000000       0x27 c:/altera/13.0sp1/nios2eds/bin/gnu/h-i686-mingw32/bin/../lib/gcc/nios2-elf/4.1.2/../../../../nios2-elf/lib/mno-hw-mul\libc.a(lib_a-atexit.o)
 .comment       0x00000000       0x27 c:/altera/13.0sp1/nios2eds/bin/gnu/h-i686-mingw32/bin/../lib/gcc/nios2-elf/4.1.2/../../../../nios2-elf/lib/mno-hw-mul\libc.a(lib_a-exit.o)
 .comment       0x00000000       0x27 c:/altera/13.0sp1/nios2eds/bin/gnu/h-i686-mingw32/bin/../lib/gcc/nios2-elf/4.1.2/../../../../nios2-elf/lib/mno-hw-mul\libc.a(lib_a-memcmp.o)
 .comment       0x00000000       0x27 c:/altera/13.0sp1/nios2eds/bin/gnu/h-i686-mingw32/bin/../lib/gcc/nios2-elf/4.1.2/../../../../nios2-elf/lib/mno-hw-mul\libc.a(lib_a-__atexit.o)
 .comment       0x00000000       0x27 c:/altera/13.0sp1/nios2eds/bin/gnu/h-i686-mingw32/bin/../lib/gcc/nios2-elf/4.1.2/../../../../nios2-elf/lib/mno-hw-mul\libc.a(lib_a-__call_atexit.o)
 .comment       0x00000000       0x27 c:/altera/13.0sp1/nios2eds/bin/gnu/h-i686-mingw32/bin/../lib/gcc/nios2-elf/4.1.2/mno-hw-mul\libgcc.a(_fixunsdfsi.o)
 .comment       0x00000000       0x27 c:/altera/13.0sp1/nios2eds/bin/gnu/h-i686-mingw32/bin/../lib/gcc/nios2-elf/4.1.2/mno-hw-mul\libgcc.a(_addsub_df.o)
 .comment       0x00000000       0x27 c:/altera/13.0sp1/nios2eds/bin/gnu/h-i686-mingw32/bin/../lib/gcc/nios2-elf/4.1.2/mno-hw-mul\libgcc.a(_mul_df.o)
 .comment       0x00000000       0x27 c:/altera/13.0sp1/nios2eds/bin/gnu/h-i686-mingw32/bin/../lib/gcc/nios2-elf/4.1.2/mno-hw-mul\libgcc.a(_div_df.o)
 .comment       0x00000000       0x27 c:/altera/13.0sp1/nios2eds/bin/gnu/h-i686-mingw32/bin/../lib/gcc/nios2-elf/4.1.2/mno-hw-mul\libgcc.a(_ge_df.o)
 .comment       0x00000000       0x27 c:/altera/13.0sp1/nios2eds/bin/gnu/h-i686-mingw32/bin/../lib/gcc/nios2-elf/4.1.2/mno-hw-mul\libgcc.a(_df_to_si.o)
 .comment       0x00000000       0x27 c:/altera/13.0sp1/nios2eds/bin/gnu/h-i686-mingw32/bin/../lib/gcc/nios2-elf/4.1.2/mno-hw-mul\libgcc.a(_thenan_df.o)
 .comment       0x00000000       0x27 c:/altera/13.0sp1/nios2eds/bin/gnu/h-i686-mingw32/bin/../lib/gcc/nios2-elf/4.1.2/mno-hw-mul\libgcc.a(_usi_to_df.o)
 .comment       0x00000000       0x27 c:/altera/13.0sp1/nios2eds/bin/gnu/h-i686-mingw32/bin/../lib/gcc/nios2-elf/4.1.2/mno-hw-mul\libgcc.a(lib2-divmod.o)
 .comment       0x00000000       0x27 c:/altera/13.0sp1/nios2eds/bin/gnu/h-i686-mingw32/bin/../lib/gcc/nios2-elf/4.1.2/mno-hw-mul\libgcc.a(_muldi3.o)
 .comment       0x00000000       0x27 c:/altera/13.0sp1/nios2eds/bin/gnu/h-i686-mingw32/bin/../lib/gcc/nios2-elf/4.1.2/mno-hw-mul\libgcc.a(_clzsi2.o)
 .comment       0x00000000       0x27 c:/altera/13.0sp1/nios2eds/bin/gnu/h-i686-mingw32/bin/../lib/gcc/nios2-elf/4.1.2/mno-hw-mul\libgcc.a(_pack_df.o)
 .comment       0x00000000       0x27 c:/altera/13.0sp1/nios2eds/bin/gnu/h-i686-mingw32/bin/../lib/gcc/nios2-elf/4.1.2/mno-hw-mul\libgcc.a(_unpack_df.o)
 .comment       0x00000000       0x27 c:/altera/13.0sp1/nios2eds/bin/gnu/h-i686-mingw32/bin/../lib/gcc/nios2-elf/4.1.2/mno-hw-mul\libgcc.a(_fpcmp_parts_df.o)
 .comment       0x00000000       0x27 c:/altera/13.0sp1/nios2eds/bin/gnu/h-i686-mingw32/bin/../lib/gcc/nios2-elf/4.1.2/mno-hw-mul\libgcc.a(_clz.o)
 .comment       0x00000000       0x27 ../de1_ucosii_tutorial_bsp/\libucosii_bsp.a(alt_exit.o)

.debug
 *(.debug)

.line
 *(.line)

.debug_srcinfo
 *(.debug_srcinfo)

.debug_sfnames
 *(.debug_sfnames)

.debug_aranges  0x00000000      0xbf8
 *(.debug_aranges)
 .debug_aranges
                0x00000000       0x28 ../de1_ucosii_tutorial_bsp//obj/HAL/src/crt0.o
 .debug_aranges
                0x00000028       0x20 obj/default/hello_ucosii.o
 .debug_aranges
                0x00000048       0x20 c:/altera/13.0sp1/nios2eds/bin/gnu/h-i686-mingw32/bin/../lib/gcc/nios2-elf/4.1.2/../../../../nios2-elf/lib/mno-hw-mul\libc.a(lib_a-puts.o)
 .debug_aranges
                0x00000068       0x20 c:/altera/13.0sp1/nios2eds/bin/gnu/h-i686-mingw32/bin/../lib/gcc/nios2-elf/4.1.2/../../../../nios2-elf/lib/mno-hw-mul\libc.a(lib_a-strlen.o)
 .debug_aranges
                0x00000088       0x20 c:/altera/13.0sp1/nios2eds/bin/gnu/h-i686-mingw32/bin/../lib/gcc/nios2-elf/4.1.2/../../../../nios2-elf/lib/mno-hw-mul\libc.a(lib_a-fvwrite.o)
 .debug_aranges
                0x000000a8       0x20 c:/altera/13.0sp1/nios2eds/bin/gnu/h-i686-mingw32/bin/../lib/gcc/nios2-elf/4.1.2/../../../../nios2-elf/lib/mno-hw-mul\libc.a(lib_a-mallocr.o)
 .debug_aranges
                0x000000c8       0x20 c:/altera/13.0sp1/nios2eds/bin/gnu/h-i686-mingw32/bin/../lib/gcc/nios2-elf/4.1.2/../../../../nios2-elf/lib/mno-hw-mul\libc.a(lib_a-memchr.o)
 .debug_aranges
                0x000000e8       0x20 c:/altera/13.0sp1/nios2eds/bin/gnu/h-i686-mingw32/bin/../lib/gcc/nios2-elf/4.1.2/../../../../nios2-elf/lib/mno-hw-mul\libc.a(lib_a-memcpy.o)
 .debug_aranges
                0x00000108       0x20 c:/altera/13.0sp1/nios2eds/bin/gnu/h-i686-mingw32/bin/../lib/gcc/nios2-elf/4.1.2/../../../../nios2-elf/lib/mno-hw-mul\libc.a(lib_a-memmove.o)
 .debug_aranges
                0x00000128       0x20 c:/altera/13.0sp1/nios2eds/bin/gnu/h-i686-mingw32/bin/../lib/gcc/nios2-elf/4.1.2/../../../../nios2-elf/lib/mno-hw-mul\libc.a(lib_a-reallocr.o)
 .debug_aranges
                0x00000148       0x20 c:/altera/13.0sp1/nios2eds/bin/gnu/h-i686-mingw32/bin/../lib/gcc/nios2-elf/4.1.2/../../../../nios2-elf/lib/mno-hw-mul\libc.a(lib_a-sbrkr.o)
 .debug_aranges
                0x00000168       0x20 c:/altera/13.0sp1/nios2eds/bin/gnu/h-i686-mingw32/bin/../lib/gcc/nios2-elf/4.1.2/../../../../nios2-elf/lib/mno-hw-mul\libc.a(lib_a-wsetup.o)
 .debug_aranges
                0x00000188       0x20 c:/altera/13.0sp1/nios2eds/bin/gnu/h-i686-mingw32/bin/../lib/gcc/nios2-elf/4.1.2/../../../../nios2-elf/lib/mno-hw-mul\libc.a(lib_a-fflush.o)
 .debug_aranges
                0x000001a8       0x20 c:/altera/13.0sp1/nios2eds/bin/gnu/h-i686-mingw32/bin/../lib/gcc/nios2-elf/4.1.2/../../../../nios2-elf/lib/mno-hw-mul\libc.a(lib_a-findfp.o)
 .debug_aranges
                0x000001c8       0x20 c:/altera/13.0sp1/nios2eds/bin/gnu/h-i686-mingw32/bin/../lib/gcc/nios2-elf/4.1.2/../../../../nios2-elf/lib/mno-hw-mul\libc.a(lib_a-freer.o)
 .debug_aranges
                0x000001e8       0x20 c:/altera/13.0sp1/nios2eds/bin/gnu/h-i686-mingw32/bin/../lib/gcc/nios2-elf/4.1.2/../../../../nios2-elf/lib/mno-hw-mul\libc.a(lib_a-fwalk.o)
 .debug_aranges
                0x00000208       0x20 c:/altera/13.0sp1/nios2eds/bin/gnu/h-i686-mingw32/bin/../lib/gcc/nios2-elf/4.1.2/../../../../nios2-elf/lib/mno-hw-mul\libc.a(lib_a-makebuf.o)
 .debug_aranges
                0x00000228       0x20 c:/altera/13.0sp1/nios2eds/bin/gnu/h-i686-mingw32/bin/../lib/gcc/nios2-elf/4.1.2/../../../../nios2-elf/lib/mno-hw-mul\libc.a(lib_a-memset.o)
 .debug_aranges
                0x00000248       0x20 c:/altera/13.0sp1/nios2eds/bin/gnu/h-i686-mingw32/bin/../lib/gcc/nios2-elf/4.1.2/../../../../nios2-elf/lib/mno-hw-mul\libc.a(lib_a-stdio.o)
 .debug_aranges
                0x00000268       0x20 c:/altera/13.0sp1/nios2eds/bin/gnu/h-i686-mingw32/bin/../lib/gcc/nios2-elf/4.1.2/../../../../nios2-elf/lib/mno-hw-mul\libc.a(lib_a-writer.o)
 .debug_aranges
                0x00000288       0x20 c:/altera/13.0sp1/nios2eds/bin/gnu/h-i686-mingw32/bin/../lib/gcc/nios2-elf/4.1.2/../../../../nios2-elf/lib/mno-hw-mul\libc.a(lib_a-closer.o)
 .debug_aranges
                0x000002a8       0x20 c:/altera/13.0sp1/nios2eds/bin/gnu/h-i686-mingw32/bin/../lib/gcc/nios2-elf/4.1.2/../../../../nios2-elf/lib/mno-hw-mul\libc.a(lib_a-fclose.o)
 .debug_aranges
                0x000002c8       0x20 c:/altera/13.0sp1/nios2eds/bin/gnu/h-i686-mingw32/bin/../lib/gcc/nios2-elf/4.1.2/../../../../nios2-elf/lib/mno-hw-mul\libc.a(lib_a-fstatr.o)
 .debug_aranges
                0x000002e8       0x20 c:/altera/13.0sp1/nios2eds/bin/gnu/h-i686-mingw32/bin/../lib/gcc/nios2-elf/4.1.2/../../../../nios2-elf/lib/mno-hw-mul\libc.a(lib_a-isattyr.o)
 .debug_aranges
                0x00000308       0x20 c:/altera/13.0sp1/nios2eds/bin/gnu/h-i686-mingw32/bin/../lib/gcc/nios2-elf/4.1.2/../../../../nios2-elf/lib/mno-hw-mul\libc.a(lib_a-lseekr.o)
 .debug_aranges
                0x00000328       0x20 c:/altera/13.0sp1/nios2eds/bin/gnu/h-i686-mingw32/bin/../lib/gcc/nios2-elf/4.1.2/../../../../nios2-elf/lib/mno-hw-mul\libc.a(lib_a-readr.o)
 .debug_aranges
                0x00000348       0x20 c:/altera/13.0sp1/nios2eds/bin/gnu/h-i686-mingw32/bin/../lib/gcc/nios2-elf/4.1.2/mno-hw-mul\libgcc.a(lib2-mul.o)
 .debug_aranges
                0x00000368       0x20 ../de1_ucosii_tutorial_bsp/\libucosii_bsp.a(alt_close.o)
 .debug_aranges
                0x00000388       0x20 ../de1_ucosii_tutorial_bsp/\libucosii_bsp.a(alt_dev.o)
 .debug_aranges
                0x000003a8       0x20 ../de1_ucosii_tutorial_bsp/\libucosii_bsp.a(alt_fstat.o)
 .debug_aranges
                0x000003c8       0x20 ../de1_ucosii_tutorial_bsp/\libucosii_bsp.a(alt_isatty.o)
 .debug_aranges
                0x000003e8       0x20 ../de1_ucosii_tutorial_bsp/\libucosii_bsp.a(alt_load.o)
 .debug_aranges
                0x00000408       0x20 ../de1_ucosii_tutorial_bsp/\libucosii_bsp.a(alt_lseek.o)
 .debug_aranges
                0x00000428       0x20 ../de1_ucosii_tutorial_bsp/\libucosii_bsp.a(alt_main.o)
 .debug_aranges
                0x00000448       0x20 ../de1_ucosii_tutorial_bsp/\libucosii_bsp.a(alt_read.o)
 .debug_aranges
                0x00000468       0x20 ../de1_ucosii_tutorial_bsp/\libucosii_bsp.a(alt_release_fd.o)
 .debug_aranges
                0x00000488       0x20 ../de1_ucosii_tutorial_bsp/\libucosii_bsp.a(alt_sbrk.o)
 .debug_aranges
                0x000004a8       0x20 ../de1_ucosii_tutorial_bsp/\libucosii_bsp.a(alt_write.o)
 .debug_aranges
                0x000004c8       0x20 ../de1_ucosii_tutorial_bsp/\libucosii_bsp.a(alt_env_lock.o)
 .debug_aranges
                0x000004e8       0x20 ../de1_ucosii_tutorial_bsp/\libucosii_bsp.a(alt_malloc_lock.o)
 .debug_aranges
                0x00000508       0x20 ../de1_ucosii_tutorial_bsp/\libucosii_bsp.a(os_core.o)
 .debug_aranges
                0x00000528       0x20 ../de1_ucosii_tutorial_bsp/\libucosii_bsp.a(os_dbg.o)
 .debug_aranges
                0x00000548       0x20 ../de1_ucosii_tutorial_bsp/\libucosii_bsp.a(os_flag.o)
 .debug_aranges
                0x00000568       0x20 ../de1_ucosii_tutorial_bsp/\libucosii_bsp.a(os_mem.o)
 .debug_aranges
                0x00000588       0x20 ../de1_ucosii_tutorial_bsp/\libucosii_bsp.a(os_q.o)
 .debug_aranges
                0x000005a8       0x20 ../de1_ucosii_tutorial_bsp/\libucosii_bsp.a(os_sem.o)
 .debug_aranges
                0x000005c8       0x20 ../de1_ucosii_tutorial_bsp/\libucosii_bsp.a(os_task.o)
 .debug_aranges
                0x000005e8       0x20 ../de1_ucosii_tutorial_bsp/\libucosii_bsp.a(os_time.o)
 .debug_aranges
                0x00000608       0x20 ../de1_ucosii_tutorial_bsp/\libucosii_bsp.a(alt_sys_init.o)
 .debug_aranges
                0x00000628       0x20 ../de1_ucosii_tutorial_bsp/\libucosii_bsp.a(altera_avalon_jtag_uart_fd.o)
 .debug_aranges
                0x00000648       0x20 ../de1_ucosii_tutorial_bsp/\libucosii_bsp.a(altera_avalon_jtag_uart_init.o)
 .debug_aranges
                0x00000668       0x20 ../de1_ucosii_tutorial_bsp/\libucosii_bsp.a(altera_avalon_jtag_uart_ioctl.o)
 .debug_aranges
                0x00000688       0x20 ../de1_ucosii_tutorial_bsp/\libucosii_bsp.a(altera_avalon_jtag_uart_read.o)
 .debug_aranges
                0x000006a8       0x20 ../de1_ucosii_tutorial_bsp/\libucosii_bsp.a(altera_avalon_jtag_uart_write.o)
 .debug_aranges
                0x000006c8       0x20 ../de1_ucosii_tutorial_bsp/\libucosii_bsp.a(altera_avalon_timer_sc.o)
 .debug_aranges
                0x000006e8       0x20 ../de1_ucosii_tutorial_bsp/\libucosii_bsp.a(alt_alarm_start.o)
 .debug_aranges